Archive member included to satisfy reference by file (symbol)

library.a(initialize.o)       obj/Lab8A-Main-c.o (ClearDisplay)
library.a(stm32f429i_discovery.o)
                              library.a(initialize.o) (BSP_PB_Init)
library.a(stm32f429i_discovery_lcd.o)
                              library.a(initialize.o) (BSP_LCD_LayerDefaultInit)
library.a(stm32f429i_discovery_sdram.o)
                              library.a(stm32f429i_discovery_lcd.o) (BSP_SDRAM_Init)
library.a(stm32f4xx_hal.o)    library.a(initialize.o) (HAL_Init)
library.a(stm32f4xx_hal_cortex.o)
                              library.a(stm32f4xx_hal.o) (HAL_NVIC_SetPriorityGrouping)
library.a(stm32f4xx_hal_dma.o)
                              library.a(stm32f429i_discovery_sdram.o) (HAL_DMA_Init)
library.a(stm32f4xx_hal_dma2d.o)
                              library.a(stm32f429i_discovery_lcd.o) (HAL_DMA2D_Init)
library.a(stm32f4xx_hal_gpio.o)
                              library.a(stm32f429i_discovery.o) (HAL_GPIO_Init)
library.a(stm32f4xx_hal_i2c.o)
                              library.a(stm32f429i_discovery.o) (HAL_I2C_Init)
library.a(stm32f4xx_hal_ltdc.o)
                              library.a(stm32f429i_discovery_lcd.o) (HAL_LTDC_Init)
library.a(stm32f4xx_hal_rcc.o)
                              library.a(initialize.o) (HAL_RCC_OscConfig)
library.a(stm32f4xx_hal_rcc_ex.o)
                              library.a(stm32f429i_discovery_lcd.o) (HAL_RCCEx_PeriphCLKConfig)
library.a(stm32f4xx_hal_sdram.o)
                              library.a(stm32f429i_discovery_sdram.o) (HAL_SDRAM_Init)
library.a(stm32f4xx_hal_spi.o)
                              library.a(stm32f429i_discovery.o) (HAL_SPI_Init)
library.a(stm32f4xx_it.o)     library.a(initialize.o) (IncludeThis)
library.a(stm32f4xx_ll_fmc.o)
                              library.a(stm32f4xx_hal_sdram.o) (FMC_SDRAM_Init)
library.a(svcHandler.o)       library.a(stm32f4xx_it.o) (SVC_Exception)
library.a(system_stm32f4xx.o)
                              library.a(stm32f4xx_hal_rcc.o) (SystemCoreClock)
library.a(touch.o)            obj/Lab8A-Main-c.o (TS_Init)
library.a(startup_stm32f429xx.o)
                              library.a(initialize.o) (Reset_Handler)
library.a(ili9341.o)          library.a(stm32f429i_discovery_lcd.o) (ili9341_drv)
library.a(stm32f429i_discovery_ts.o)
                              library.a(touch.o) (BSP_TS_Init)
library.a(stmpe811.o)         library.a(stm32f429i_discovery_ts.o) (stmpe811_ts_drv)
y:/coen20/gcc/bin/../lib/gcc/arm-none-eabi/9.3.1/../../../../arm-none-eabi/lib/thumb/v7e-m+fp/hard\libc.a(lib_a-exit.o)
                              y:/coen20/gcc/bin/../lib/gcc/arm-none-eabi/9.3.1/../../../../arm-none-eabi/lib/thumb/v7e-m+fp/hard/crt0.o (exit)
y:/coen20/gcc/bin/../lib/gcc/arm-none-eabi/9.3.1/../../../../arm-none-eabi/lib/thumb/v7e-m+fp/hard\libc.a(lib_a-impure.o)
                              y:/coen20/gcc/bin/../lib/gcc/arm-none-eabi/9.3.1/../../../../arm-none-eabi/lib/thumb/v7e-m+fp/hard\libc.a(lib_a-exit.o) (_global_impure_ptr)
y:/coen20/gcc/bin/../lib/gcc/arm-none-eabi/9.3.1/../../../../arm-none-eabi/lib/thumb/v7e-m+fp/hard\libc.a(lib_a-init.o)
                              y:/coen20/gcc/bin/../lib/gcc/arm-none-eabi/9.3.1/../../../../arm-none-eabi/lib/thumb/v7e-m+fp/hard/crt0.o (__libc_init_array)
y:/coen20/gcc/bin/../lib/gcc/arm-none-eabi/9.3.1/../../../../arm-none-eabi/lib/thumb/v7e-m+fp/hard\libc.a(lib_a-memcpy.o)
                              library.a(svcHandler.o) (memcpy)
y:/coen20/gcc/bin/../lib/gcc/arm-none-eabi/9.3.1/../../../../arm-none-eabi/lib/thumb/v7e-m+fp/hard\libc.a(lib_a-memset.o)
                              y:/coen20/gcc/bin/../lib/gcc/arm-none-eabi/9.3.1/../../../../arm-none-eabi/lib/thumb/v7e-m+fp/hard/crt0.o (memset)
y:/coen20/gcc/bin/../lib/gcc/arm-none-eabi/9.3.1/../../../../arm-none-eabi/lib/thumb/v7e-m+fp/hard\libc.a(lib_a-mktime.o)
                              obj/Lab8A-Main-c.o (mktime)
y:/coen20/gcc/bin/../lib/gcc/arm-none-eabi/9.3.1/../../../../arm-none-eabi/lib/thumb/v7e-m+fp/hard\libc.a(lib_a-printf.o)
                              library.a(initialize.o) (printf)
y:/coen20/gcc/bin/../lib/gcc/arm-none-eabi/9.3.1/../../../../arm-none-eabi/lib/thumb/v7e-m+fp/hard\libc.a(lib_a-sprintf.o)
                              obj/Lab8A-Main-c.o (sprintf)
y:/coen20/gcc/bin/../lib/gcc/arm-none-eabi/9.3.1/../../../../arm-none-eabi/lib/thumb/v7e-m+fp/hard\libc.a(lib_a-sscanf.o)
                              obj/Lab8A-Main-c.o (sscanf)
y:/coen20/gcc/bin/../lib/gcc/arm-none-eabi/9.3.1/../../../../arm-none-eabi/lib/thumb/v7e-m+fp/hard\libc.a(lib_a-stdio.o)
                              y:/coen20/gcc/bin/../lib/gcc/arm-none-eabi/9.3.1/../../../../arm-none-eabi/lib/thumb/v7e-m+fp/hard\libc.a(lib_a-sscanf.o) (__seofread)
y:/coen20/gcc/bin/../lib/gcc/arm-none-eabi/9.3.1/../../../../arm-none-eabi/lib/thumb/v7e-m+fp/hard\libc.a(lib_a-strcmp.o)
                              obj/Lab8A-Main-c.o (strcmp)
[...]
Memory Configuration

Name             Origin             Length             Attributes
ROM              0x08000000         0x00200000         xr
RAM              0x20000000         0x00030000         xrw
CCM              0x10000000         0x00010000         xrw
*default*        0x00000000         0xffffffff

Linker script and memory map

LOAD y:/coen20/gcc/bin/../lib/gcc/arm-none-eabi/9.3.1/thumb/v7e-m+fp/hard/crti.o
LOAD y:/coen20/gcc/bin/../lib/gcc/arm-none-eabi/9.3.1/thumb/v7e-m+fp/hard/crtbegin.o
LOAD y:/coen20/gcc/bin/../lib/gcc/arm-none-eabi/9.3.1/../../../../arm-none-eabi/lib/thumb/v7e-m+fp/hard/crt0.o
LOAD obj/Lab8A-Main-c.o
LOAD obj/Lab8A-Zeller-s.o
LOAD library.a
LOAD library.a
LOAD y:/coen20/gcc/bin/../lib/gcc/arm-none-eabi/9.3.1/../../../../arm-none-eabi/lib/thumb/v7e-m+fp/hard\libm.a
LOAD y:/coen20/gcc/bin/../lib/gcc/arm-none-eabi/9.3.1/../../../../arm-none-eabi/lib/thumb/v7e-m+fp/hard\libc.a
LOAD y:/coen20/gcc/bin/../lib/gcc/arm-none-eabi/9.3.1/../../../../arm-none-eabi/lib/thumb/v7e-m+fp/hard\libnosys.a
LOAD y:/coen20/gcc/bin/../lib/gcc/arm-none-eabi/9.3.1/../../../../arm-none-eabi/lib/thumb/v7e-m+fp/hard\libc.a
START GROUP
LOAD y:/coen20/gcc/bin/../lib/gcc/arm-none-eabi/9.3.1/thumb/v7e-m+fp/hard\libgcc.a
LOAD y:/coen20/gcc/bin/../lib/gcc/arm-none-eabi/9.3.1/../../../../arm-none-eabi/lib/thumb/v7e-m+fp/hard\libc.a
END GROUP
LOAD y:/coen20/gcc/bin/../lib/gcc/arm-none-eabi/9.3.1/thumb/v7e-m+fp/hard/crtend.o
LOAD y:/coen20/gcc/bin/../lib/gcc/arm-none-eabi/9.3.1/thumb/v7e-m+fp/hard/crtn.o

.text           0x08000000    0x16c40
 *(.isr_vector)
 .isr_vector    0x08000000      0x1ac library.a(startup_stm32f429xx.o)
                0x08000000                __isr_vector
 *(.text*)
 .text          0x080001ac       0x40 y:/coen20/gcc/bin/../lib/gcc/arm-none-eabi/9.3.1/thumb/v7e-m+fp/hard/crtbegin.o
 .text          0x080001ec       0x7c y:/coen20/gcc/bin/../lib/gcc/arm-none-eabi/9.3.1/../../../../arm-none-eabi/lib/thumb/v7e-m+fp/hard/crt0.o
                0x080001ec                _stack_init
                0x080001f4                _start
                0x080001f4                _mainCRTStartup
 .text.main     0x08000268      0x18c obj/Lab8A-Main-c.o
                0x08000268                main
 .text.SanityCheck
                0x080003f4       0x80 obj/Lab8A-Main-c.o
 .text.InitializeDate
                0x08000474       0xe4 obj/Lab8A-Main-c.o
 .text.DisplayWeekday
                0x08000558       0xf8 obj/Lab8A-Main-c.o
 .text.DisplayCycles
                0x08000650       0x60 obj/Lab8A-Main-c.o
 .text.Error    0x080006b0       0xec obj/Lab8A-Main-c.o
 .text.InitializeTouchScreen
                0x0800079c       0x30 obj/Lab8A-Main-c.o
 .text.SetupAdjusts
                0x080007cc       0xe4 obj/Lab8A-Main-c.o
 .text.DisplayAdjusts
                0x080008b0      0x140 obj/Lab8A-Main-c.o
 .text.Adjusted
                0x080009f0      0x114 obj/Lab8A-Main-c.o
 .text.Number   0x08000b04       0x1c obj/Lab8A-Main-c.o
 .text.Month    0x08000b20       0x10 obj/Lab8A-Main-c.o
 .text.Delay    0x08000b30       0x20 obj/Lab8A-Main-c.o
 .text          0x08000b50       0xc0 obj/Lab8A-Zeller-s.o
                0x08000b50                Zeller1
                0x08000b88                Zeller2
                0x08000bc4                Zeller3
 .text.TextRows
                0x08000c10       0x12 library.a(initialize.o)
 .text._close   0x08000c22        0x2 library.a(initialize.o)
                0x08000c22                _close
 .text._fstat   0x08000c24        0x2 library.a(initialize.o)
                0x08000c24                _fstat
 .text._getpid  0x08000c26        0x2 library.a(initialize.o)
                0x08000c26                _getpid
 .text._isatty  0x08000c28        0x2 library.a(initialize.o)
                0x08000c28                _isatty
 .text._kill    0x08000c2a        0x2 library.a(initialize.o)
                0x08000c2a                _kill
 .text._lseek   0x08000c2c        0x2 library.a(initialize.o)
                0x08000c2c                _lseek
 .text._read    0x08000c2e        0x2 library.a(initialize.o)
                0x08000c2e                _read
 .text.ClearDisplay
                0x08000c30       0x34 library.a(initialize.o)
                0x08000c30                ClearDisplay
 .text.DisplayHeader
                0x08000c64       0x7c library.a(initialize.o)
                0x08000c64                DisplayHeader
 .text.DisplayFooter
                0x08000ce0       0x58 library.a(initialize.o)
                0x08000ce0                DisplayFooter
 .text._write   0x08000d38      0x104 library.a(initialize.o)
                0x08000d38                _write
 .text.InitializeHardware
                0x08000e3c      0x124 library.a(initialize.o)
                0x08000e3c                InitializeHardware
 .text.WaitForPushButton
                0x08000f60       0x18 library.a(initialize.o)
                0x08000f60                WaitForPushButton
 .text.GetClockCycleCount
                0x08000f78        0xc library.a(initialize.o)
                0x08000f78                GetClockCycleCount
 .text.CountCycles
                0x08000f84       0x38 library.a(initialize.o)
                0x08000f84                CountCycles
 .text.CallReturnOverhead
                0x08000fbc        0x2 library.a(initialize.o)
                0x08000fbc                CallReturnOverhead
 *fill*         0x08000fbe        0x2 
 .text.SPIx_Init
                0x08000fc0       0x98 library.a(stm32f429i_discovery.o)
 .text.SPIx_Write
                0x08001058       0x30 library.a(stm32f429i_discovery.o)
 .text.I2Cx_Init
                0x08001088       0xe8 library.a(stm32f429i_discovery.o)
 .text.I2Cx_Error
                0x08001170       0x14 library.a(stm32f429i_discovery.o)
 .text.SPIx_WriteRead
                0x08001184       0x40 library.a(stm32f429i_discovery.o)
 .text.BSP_PB_Init
                0x080011c4       0x70 library.a(stm32f429i_discovery.o)
                0x080011c4                BSP_PB_Init
 .text.BSP_PB_GetState
                0x08001234       0x14 library.a(stm32f429i_discovery.o)
                0x08001234                BSP_PB_GetState
 .text.LCD_IO_Init
                0x08001248       0xb0 library.a(stm32f429i_discovery.o)
                0x08001248                LCD_IO_Init
 .text.LCD_IO_WriteData
                0x080012f8       0x38 library.a(stm32f429i_discovery.o)
                0x080012f8                LCD_IO_WriteData
 .text.LCD_IO_WriteReg
                0x08001330       0x38 library.a(stm32f429i_discovery.o)
                0x08001330                LCD_IO_WriteReg
 .text.LCD_IO_ReadData
                0x08001368       0x6c library.a(stm32f429i_discovery.o)
                0x08001368                LCD_IO_ReadData
 .text.LCD_Delay
                0x080013d4        0x4 library.a(stm32f429i_discovery.o)
                0x080013d4                LCD_Delay
 .text.IOE_Init
                0x080013d8        0x4 library.a(stm32f429i_discovery.o)
                0x080013d8                IOE_Init
 .text.IOE_ITConfig
                0x080013dc       0x54 library.a(stm32f429i_discovery.o)
                0x080013dc                IOE_ITConfig
 .text.IOE_Write
                0x08001430       0x34 library.a(stm32f429i_discovery.o)
                0x08001430                IOE_Write
 .text.IOE_Read
                0x08001464       0x3c library.a(stm32f429i_discovery.o)
                0x08001464                IOE_Read
 .text.IOE_ReadMultiple
                0x080014a0       0x30 library.a(stm32f429i_discovery.o)
                0x080014a0                IOE_ReadMultiple
 .text.IOE_Delay
                0x080014d0        0x4 library.a(stm32f429i_discovery.o)
                0x080014d0                IOE_Delay
 .text.GYRO_IO_Init
                0x080014d4       0x6c library.a(stm32f429i_discovery.o)
                0x080014d4                GYRO_IO_Init
 .text.GYRO_IO_Read
                0x08001540       0x48 library.a(stm32f429i_discovery.o)
                0x08001540                GYRO_IO_Read
 .text.FillBuffer
                0x08001588       0x64 library.a(stm32f429i_discovery_lcd.o)
 .text.BSP_LCD_GetXSize
                0x080015ec       0x10 library.a(stm32f429i_discovery_lcd.o)
                0x080015ec                BSP_LCD_GetXSize
 .text.BSP_LCD_GetYSize
                0x080015fc       0x10 library.a(stm32f429i_discovery_lcd.o)
                0x080015fc                BSP_LCD_GetYSize
 .text.BSP_LCD_LayerDefaultInit
                0x0800160c       0x7c library.a(stm32f429i_discovery_lcd.o)
                0x0800160c                BSP_LCD_LayerDefaultInit
 .text.BSP_LCD_SelectLayer
                0x08001688        0xc library.a(stm32f429i_discovery_lcd.o)
                0x08001688                BSP_LCD_SelectLayer
 .text.BSP_LCD_GetTextColor
                0x08001694       0x18 library.a(stm32f429i_discovery_lcd.o)
                0x08001694                BSP_LCD_GetTextColor
 .text.BSP_LCD_GetBackColor
                0x080016ac       0x18 library.a(stm32f429i_discovery_lcd.o)
                0x080016ac                BSP_LCD_GetBackColor
 .text.BSP_LCD_SetTextColor
                0x080016c4       0x18 library.a(stm32f429i_discovery_lcd.o)
                0x080016c4                BSP_LCD_SetTextColor
 .text.BSP_LCD_SetBackColor
                0x080016dc       0x18 library.a(stm32f429i_discovery_lcd.o)
                0x080016dc                BSP_LCD_SetBackColor
 .text.BSP_LCD_SetFont
                0x080016f4       0x18 library.a(stm32f429i_discovery_lcd.o)
                0x080016f4                BSP_LCD_SetFont
 .text.BSP_LCD_Init
                0x0800170c      0x1bc library.a(stm32f429i_discovery_lcd.o)
                0x0800170c                BSP_LCD_Init
 .text.BSP_LCD_GetFont
                0x080018c8       0x18 library.a(stm32f429i_discovery_lcd.o)
                0x080018c8                BSP_LCD_GetFont
 .text.BSP_LCD_Clear
                0x080018e0       0x40 library.a(stm32f429i_discovery_lcd.o)
                0x080018e0                BSP_LCD_Clear
 .text.BSP_LCD_DrawHLine
                0x08001920       0x50 library.a(stm32f429i_discovery_lcd.o)
                0x08001920                BSP_LCD_DrawHLine
 .text.BSP_LCD_DrawVLine
                0x08001970       0x5c library.a(stm32f429i_discovery_lcd.o)
                0x08001970                BSP_LCD_DrawVLine
 .text.BSP_LCD_DrawRect
                0x080019cc       0x34 library.a(stm32f429i_discovery_lcd.o)
                0x080019cc                BSP_LCD_DrawRect
 .text.BSP_LCD_FillRect
                0x08001a00       0x78 library.a(stm32f429i_discovery_lcd.o)
                0x08001a00                BSP_LCD_FillRect
 .text.BSP_LCD_DisplayOn
                0x08001a78       0x10 library.a(stm32f429i_discovery_lcd.o)
                0x08001a78                BSP_LCD_DisplayOn
 .text.BSP_LCD_DrawPixel
                0x08001a88       0x2c library.a(stm32f429i_discovery_lcd.o)
                0x08001a88                BSP_LCD_DrawPixel
 .text.BSP_LCD_DisplayChar
                0x08001ab4       0xd4 library.a(stm32f429i_discovery_lcd.o)
                0x08001ab4                BSP_LCD_DisplayChar
 .text.BSP_LCD_DisplayStringAt
                0x08001b88       0x9c library.a(stm32f429i_discovery_lcd.o)
                0x08001b88                BSP_LCD_DisplayStringAt
 .text.BSP_SDRAM_Initialization_sequence
                0x08001c24       0x94 library.a(stm32f429i_discovery_sdram.o)
                0x08001c24                BSP_SDRAM_Initialization_sequence
 .text.BSP_SDRAM_Init
                0x08001cb8      0x1c8 library.a(stm32f429i_discovery_sdram.o)
                0x08001cb8                BSP_SDRAM_Init
 .text.HAL_MspInit
                0x08001e80        0x2 library.a(stm32f4xx_hal.o)
                0x08001e80                HAL_MspInit
 .text.HAL_InitTick
                0x08001e82       0x28 library.a(stm32f4xx_hal.o)
                0x08001e82                HAL_InitTick
 *fill*         0x08001eaa        0x2 
 .text.HAL_Init
                0x08001eac       0x34 library.a(stm32f4xx_hal.o)
                0x08001eac                HAL_Init
 .text.HAL_IncTick
                0x08001ee0       0x10 library.a(stm32f4xx_hal.o)
                0x08001ee0                HAL_IncTick
 .text.HAL_GetTick
                0x08001ef0        0xc library.a(stm32f4xx_hal.o)
                0x08001ef0                HAL_GetTick
 .text.HAL_Delay
                0x08001efc       0x1a library.a(stm32f4xx_hal.o)
                0x08001efc                HAL_Delay
 *fill*         0x08001f16        0x2 
 .text.HAL_NVIC_SetPriorityGrouping
                0x08001f18       0x24 library.a(stm32f4xx_hal_cortex.o)
                0x08001f18                HAL_NVIC_SetPriorityGrouping
 .text.HAL_NVIC_SetPriority
                0x08001f3c       0x64 library.a(stm32f4xx_hal_cortex.o)
                0x08001f3c                HAL_NVIC_SetPriority
 .text.HAL_NVIC_EnableIRQ
                0x08001fa0       0x18 library.a(stm32f4xx_hal_cortex.o)
                0x08001fa0                HAL_NVIC_EnableIRQ
 .text.HAL_SYSTICK_Config
                0x08001fb8       0x28 library.a(stm32f4xx_hal_cortex.o)
                0x08001fb8                HAL_SYSTICK_Config
 .text.HAL_DMA_Init
                0x08001fe0       0x78 library.a(stm32f4xx_hal_dma.o)
                0x08001fe0                HAL_DMA_Init
 .text.HAL_DMA_DeInit
                0x08002058      0xacc library.a(stm32f4xx_hal_dma.o)
                0x08002058                HAL_DMA_DeInit
 .text.DMA2D_SetConfig
                0x08002b24       0x80 library.a(stm32f4xx_hal_dma2d.o)
 .text.HAL_DMA2D_MspInit
                0x08002ba4        0x2 library.a(stm32f4xx_hal_dma2d.o)
                0x08002ba4                HAL_DMA2D_MspInit
 .text.HAL_DMA2D_Init
                0x08002ba6       0x5c library.a(stm32f4xx_hal_dma2d.o)
                0x08002ba6                HAL_DMA2D_Init
 .text.HAL_DMA2D_Start
                0x08002c02       0x40 library.a(stm32f4xx_hal_dma2d.o)
                0x08002c02                HAL_DMA2D_Start
 .text.HAL_DMA2D_PollForTransfer
                0x08002c42       0xc4 library.a(stm32f4xx_hal_dma2d.o)
                0x08002c42                HAL_DMA2D_PollForTransfer
 *fill*         0x08002d06        0x2 
 .text.HAL_DMA2D_ConfigLayer
                0x08002d08       0xdc library.a(stm32f4xx_hal_dma2d.o)
                0x08002d08                HAL_DMA2D_ConfigLayer
 .text.HAL_GPIO_Init
                0x08002de4      0x1d0 library.a(stm32f4xx_hal_gpio.o)
                0x08002de4                HAL_GPIO_Init
 .text.HAL_GPIO_ReadPin
                0x08002fb4        0xc library.a(stm32f4xx_hal_gpio.o)
                0x08002fb4                HAL_GPIO_ReadPin
 .text.HAL_GPIO_WritePin
                0x08002fc0        0xa library.a(stm32f4xx_hal_gpio.o)
                0x08002fc0                HAL_GPIO_WritePin
 .text.I2C_WaitOnMasterAddressFlagUntilTimeout
                0x08002fca       0x66 library.a(stm32f4xx_hal_i2c.o)
 .text.I2C_WaitOnFlagUntilTimeout
                0x08003030       0x90 library.a(stm32f4xx_hal_i2c.o)
 .text.I2C_RequestMemoryWrite
                0x080030c0       0x98 library.a(stm32f4xx_hal_i2c.o)
 .text.I2C_RequestMemoryRead
                0x08003158       0xe8 library.a(stm32f4xx_hal_i2c.o)
 .text.HAL_I2C_MspInit
                0x08003240        0x2 library.a(stm32f4xx_hal_i2c.o)
                0x08003240                HAL_I2C_MspInit
 *fill*         0x08003242        0x2 
 .text.HAL_I2C_Init
                0x08003244       0xe0 library.a(stm32f4xx_hal_i2c.o)
                0x08003244                HAL_I2C_Init
 .text.HAL_I2C_MspDeInit
                0x08003324        0x2 library.a(stm32f4xx_hal_i2c.o)
                0x08003324                HAL_I2C_MspDeInit
 .text.HAL_I2C_DeInit
                0x08003326       0x2c library.a(stm32f4xx_hal_i2c.o)
                0x08003326                HAL_I2C_DeInit
 *fill*         0x08003352        0x2 
 .text.HAL_I2C_Mem_Write
                0x08003354       0xe8 library.a(stm32f4xx_hal_i2c.o)
                0x08003354                HAL_I2C_Mem_Write
 .text.HAL_I2C_Mem_Read
                0x0800343c      0x1bc library.a(stm32f4xx_hal_i2c.o)
                0x0800343c                HAL_I2C_Mem_Read
 .text.HAL_I2C_GetState
                0x080035f8        0x6 library.a(stm32f4xx_hal_i2c.o)
                0x080035f8                HAL_I2C_GetState
 *fill*         0x080035fe        0x2 
 .text.LTDC_SetConfig
                0x08003600      0x144 library.a(stm32f4xx_hal_ltdc.o)
 .text.HAL_LTDC_MspInit
                0x08003744        0x2 library.a(stm32f4xx_hal_ltdc.o)
                0x08003744                HAL_LTDC_MspInit
 *fill*         0x08003746        0x2 
 .text.HAL_LTDC_Init
                0x08003748       0xfc library.a(stm32f4xx_hal_ltdc.o)
                0x08003748                HAL_LTDC_Init
 .text.HAL_LTDC_ConfigLayer
                0x08003844       0x5c library.a(stm32f4xx_hal_ltdc.o)
                0x08003844                HAL_LTDC_ConfigLayer
 .text.HAL_LTDC_EnableDither
                0x080038a0       0x34 library.a(stm32f4xx_hal_ltdc.o)
                0x080038a0                HAL_LTDC_EnableDither
 .text.HAL_RCC_OscConfig
                0x080038d4      0x330 library.a(stm32f4xx_hal_rcc.o)
                0x080038d4                HAL_RCC_OscConfig
 .text.HAL_RCC_ClockConfig
                0x08003c04      0x1f8 library.a(stm32f4xx_hal_rcc.o)
                0x08003c04                HAL_RCC_ClockConfig
 .text.HAL_RCC_GetSysClockFreq
                0x08003dfc       0x78 library.a(stm32f4xx_hal_rcc.o)
                0x08003dfc                HAL_RCC_GetSysClockFreq
 .text.HAL_RCC_GetHCLKFreq
                0x08003e74       0x38 library.a(stm32f4xx_hal_rcc.o)
                0x08003e74                HAL_RCC_GetHCLKFreq
 .text.HAL_RCC_GetPCLK1Freq
                0x08003eac       0x30 library.a(stm32f4xx_hal_rcc.o)
                0x08003eac                HAL_RCC_GetPCLK1Freq
 .text.HAL_RCCEx_PeriphCLKConfig
                0x08003edc      0x2d8 library.a(stm32f4xx_hal_rcc_ex.o)
                0x08003edc                HAL_RCCEx_PeriphCLKConfig
 .text.HAL_SDRAM_MspInit
                0x080041b4        0x2 library.a(stm32f4xx_hal_sdram.o)
                0x080041b4                HAL_SDRAM_MspInit
 .text.HAL_SDRAM_Init
                0x080041b6       0x40 library.a(stm32f4xx_hal_sdram.o)
                0x080041b6                HAL_SDRAM_Init
 .text.HAL_SDRAM_SendCommand
                0x080041f6       0x2e library.a(stm32f4xx_hal_sdram.o)
                0x080041f6                HAL_SDRAM_SendCommand
 .text.HAL_SDRAM_ProgramRefreshRate
                0x08004224       0x24 library.a(stm32f4xx_hal_sdram.o)
                0x08004224                HAL_SDRAM_ProgramRefreshRate
 .text.SPI_WaitOnFlagUntilTimeout
                0x08004248       0x94 library.a(stm32f4xx_hal_spi.o)
 .text.HAL_SPI_MspInit
                0x080042dc        0x2 library.a(stm32f4xx_hal_spi.o)
                0x080042dc                HAL_SPI_MspInit
 .text.HAL_SPI_Init
                0x080042de       0x82 library.a(stm32f4xx_hal_spi.o)
                0x080042de                HAL_SPI_Init
 .text.HAL_SPI_MspDeInit
                0x08004360        0x2 library.a(stm32f4xx_hal_spi.o)
                0x08004360                HAL_SPI_MspDeInit
 .text.HAL_SPI_DeInit
                0x08004362       0x26 library.a(stm32f4xx_hal_spi.o)
                0x08004362                HAL_SPI_DeInit
 .text.HAL_SPI_Transmit
                0x08004388      0x164 library.a(stm32f4xx_hal_spi.o)
                0x08004388                HAL_SPI_Transmit
 .text.HAL_SPI_TransmitReceive
                0x080044ec      0x2c2 library.a(stm32f4xx_hal_spi.o)
                0x080044ec                HAL_SPI_TransmitReceive
 .text.HAL_SPI_Receive
                0x080047ae      0x1d2 library.a(stm32f4xx_hal_spi.o)
                0x080047ae                HAL_SPI_Receive
 .text.HAL_SPI_GetState
                0x08004980        0x6 library.a(stm32f4xx_hal_spi.o)
                0x08004980                HAL_SPI_GetState
 .text.NMI_Handler
                0x08004986        0x2 library.a(stm32f4xx_it.o)
                0x08004986                NMI_Handler
 .text.SVC_Handler
                0x08004988       0x20 library.a(stm32f4xx_it.o)
                0x08004988                SVC_Handler
 .text.DebugMon_Handler
                0x080049a8        0x2 library.a(stm32f4xx_it.o)
                0x080049a8                DebugMon_Handler
 .text.PendSV_Handler
                0x080049aa        0x2 library.a(stm32f4xx_it.o)
                0x080049aa                PendSV_Handler
 .text.SysTick_Handler
                0x080049ac        0x4 library.a(stm32f4xx_it.o)
                0x080049ac                SysTick_Handler
 .text.FMC_SDRAM_Init
                0x080049b0       0x68 library.a(stm32f4xx_ll_fmc.o)
                0x080049b0                FMC_SDRAM_Init
 .text.FMC_SDRAM_Timing_Init
                0x08004a18       0x72 library.a(stm32f4xx_ll_fmc.o)
                0x08004a18                FMC_SDRAM_Timing_Init
 .text.FMC_SDRAM_SendCommand
                0x08004a8a       0x50 library.a(stm32f4xx_ll_fmc.o)
                0x08004a8a                FMC_SDRAM_SendCommand
 .text.FMC_SDRAM_ProgramRefreshRate
                0x08004ada        0xc library.a(stm32f4xx_ll_fmc.o)
                0x08004ada                FMC_SDRAM_ProgramRefreshRate
 *fill*         0x08004ae6        0x2 
 .text.SVC_Label
                0x08004ae8       0x58 library.a(svcHandler.o)
 .text.Preserve
                0x08004b40       0xa8 library.a(svcHandler.o)
 .text.HardStopHandler
                0x08004be8       0x94 library.a(svcHandler.o)
 .text.F32      0x08004c7c       0xc0 library.a(svcHandler.o)
 .text.Restore  0x08004d3c       0x5c library.a(svcHandler.o)
 .text.FlPtRegs
                0x08004d98       0x9c library.a(svcHandler.o)
 .text._MemManageHandler
                0x08004e34       0x10 library.a(svcHandler.o)
                0x08004e34                _MemManageHandler
 .text.MemManage_Handler
                0x08004e44        0xc library.a(svcHandler.o)
                0x08004e44                MemManage_Handler
 .text._BusFault_Handler
                0x08004e50       0x10 library.a(svcHandler.o)
                0x08004e50                _BusFault_Handler
 .text.BusFault_Handler
                0x08004e60        0xc library.a(svcHandler.o)
                0x08004e60                BusFault_Handler
 .text._HardFault_Handler
                0x08004e6c       0x10 library.a(svcHandler.o)
                0x08004e6c                _HardFault_Handler
 .text.HardFault_Handler
                0x08004e7c        0xc library.a(svcHandler.o)
                0x08004e7c                HardFault_Handler
 .text._UsageFault_Handler
                0x08004e88       0x5c library.a(svcHandler.o)
                0x08004e88                _UsageFault_Handler
 .text.UsageFault_Handler
                0x08004ee4        0xc library.a(svcHandler.o)
                0x08004ee4                UsageFault_Handler
 .text.SVC_Exception
                0x08004ef0       0xd8 library.a(svcHandler.o)
                0x08004ef0                SVC_Exception
 .text.SystemInit
                0x08004fc8       0x4c library.a(system_stm32f4xx.o)
                0x08004fc8                SystemInit
 .text.TS_Init  0x08005014       0x2c library.a(touch.o)
                0x08005014                TS_Init
 .text.TS_Touched
                0x08005040       0x30 library.a(touch.o)
                0x08005040                TS_Touched
 .text.TS_GetX  0x08005070        0xc library.a(touch.o)
                0x08005070                TS_GetX
 .text.TS_GetY  0x0800507c        0xc library.a(touch.o)
                0x0800507c                TS_GetY
 .text          0x08005088      0x118 library.a(startup_stm32f429xx.o)
                0x08005088                Reset_Handler
                0x080050e0                Default_Handler
                0x080050e2                WWDG_IRQHandler
                0x080050e4                PVD_IRQHandler
                0x080050e6                TAMP_STAMP_IRQHandler
                0x080050e8                RTC_WKUP_IRQHandler
                0x080050ea                FLASH_IRQHandler
                0x080050ec                RCC_IRQHandler
                0x080050ee                EXTI0_IRQHandler
                0x080050f0                EXTI1_IRQHandler
                0x080050f2                EXTI2_IRQHandler
                0x080050f4                EXTI3_IRQHandler
                0x080050f6                EXTI4_IRQHandler
                0x080050f8                DMA1_Stream0_IRQHandler
                0x080050fa                DMA1_Stream1_IRQHandler
                0x080050fc                DMA1_Stream2_IRQHandler
                0x080050fe                DMA1_Stream3_IRQHandler
                0x08005100                DMA1_Stream4_IRQHandler
                0x08005102                DMA1_Stream5_IRQHandler
                0x08005104                DMA1_Stream6_IRQHandler
                0x08005106                ADC_IRQHandler
                0x08005108                CAN1_TX_IRQHandler
                0x0800510a                CAN1_RX0_IRQHandler
                0x0800510c                CAN1_RX1_IRQHandler
                0x0800510e                CAN1_SCE_IRQHandler
                0x08005110                EXTI9_5_IRQHandler
                0x08005112                TIM1_BRK_TIM9_IRQHandler
                0x08005114                TIM1_UP_TIM10_IRQHandler
                0x08005116                TIM1_TRG_COM_TIM11_IRQHandler
                0x08005118                TIM1_CC_IRQHandler
                0x0800511a                TIM2_IRQHandler
                0x0800511c                TIM3_IRQHandler
                0x0800511e                TIM4_IRQHandler
                0x08005120                I2C1_EV_IRQHandler
                0x08005122                I2C1_ER_IRQHandler
                0x08005124                I2C2_EV_IRQHandler
                0x08005126                I2C2_ER_IRQHandler
                0x08005128                SPI1_IRQHandler
                0x0800512a                SPI2_IRQHandler
                0x0800512c                USART1_IRQHandler
                0x0800512e                USART2_IRQHandler
                0x08005130                USART3_IRQHandler
                0x08005132                EXTI15_10_IRQHandler
                0x08005134                RTC_Alarm_IRQHandler
                0x08005136                OTG_FS_WKUP_IRQHandler
                0x08005138                TIM8_BRK_TIM12_IRQHandler
                0x0800513a                TIM8_UP_TIM13_IRQHandler
                0x0800513c                TIM8_TRG_COM_TIM14_IRQHandler
                0x0800513e                TIM8_CC_IRQHandler
                0x08005140                DMA1_Stream7_IRQHandler
                0x08005142                FSMC_IRQHandler
                0x08005144                SDIO_IRQHandler
                0x08005146                TIM5_IRQHandler
                0x08005148                SPI3_IRQHandler
                0x0800514a                UART4_IRQHandler
                0x0800514c                UART5_IRQHandler
                0x0800514e                TIM6_DAC_IRQHandler
                0x08005150                TIM7_IRQHandler
                0x08005152                DMA2_Stream0_IRQHandler
                0x08005154                DMA2_Stream1_IRQHandler
                0x08005156                DMA2_Stream2_IRQHandler
                0x08005158                DMA2_Stream3_IRQHandler
                0x0800515a                DMA2_Stream4_IRQHandler
                0x0800515c                ETH_IRQHandler
                0x0800515e                ETH_WKUP_IRQHandler
                0x08005160                CAN2_TX_IRQHandler
                0x08005162                CAN2_RX0_IRQHandler
                0x08005164                CAN2_RX1_IRQHandler
                0x08005166                CAN2_SCE_IRQHandler
                0x08005168                OTG_FS_IRQHandler
                0x0800516a                DMA2_Stream5_IRQHandler
                0x0800516c                DMA2_Stream6_IRQHandler
                0x0800516e                DMA2_Stream7_IRQHandler
                0x08005170                USART6_IRQHandler
                0x08005172                I2C3_EV_IRQHandler
                0x08005174                I2C3_ER_IRQHandler
                0x08005176                OTG_HS_EP1_OUT_IRQHandler
                0x08005178                OTG_HS_EP1_IN_IRQHandler
                0x0800517a                OTG_HS_WKUP_IRQHandler
                0x0800517c                OTG_HS_IRQHandler
                0x0800517e                DCMI_IRQHandler
                0x08005180                CRYP_IRQHandler
                0x08005182                HASH_RNG_IRQHandler
                0x08005184                FPU_IRQHandler
                0x08005186                UART7_IRQHandler
                0x08005188                UART8_IRQHandler
                0x0800518a                SPI4_IRQHandler
                0x0800518c                SPI5_IRQHandler
                0x0800518e                SPI6_IRQHandler
                0x08005190                SAI1_IRQHandler
                0x08005192                LTDC_IRQHandler
                0x08005194                LTDC_ER_IRQHandler
                0x08005196                DMA2D_IRQHandler
 .text.ili9341_GetLcdPixelWidth
                0x080051a0        0x4 library.a(ili9341.o)
                0x080051a0                ili9341_GetLcdPixelWidth
 .text.ili9341_GetLcdPixelHeight
                0x080051a4        0x6 library.a(ili9341.o)
                0x080051a4                ili9341_GetLcdPixelHeight
 .text.ili9341_DisplayOn
                0x080051aa        0x6 library.a(ili9341.o)
                0x080051aa                ili9341_DisplayOn
 .text.ili9341_DisplayOff
                0x080051b0        0x6 library.a(ili9341.o)
                0x080051b0                ili9341_DisplayOff
 .text.ili9341_Init
                0x080051b6      0x292 library.a(ili9341.o)
                0x080051b6                ili9341_Init
 .text.ili9341_ReadID
                0x08005448       0x12 library.a(ili9341.o)
                0x08005448                ili9341_ReadID
 *fill*         0x0800545a        0x2 
 .text.BSP_TS_Init
                0x0800545c       0x44 library.a(stm32f429i_discovery_ts.o)
                0x0800545c                BSP_TS_Init
 .text.BSP_TS_GetState
                0x080054a0      0x138 library.a(stm32f429i_discovery_ts.o)
                0x080054a0                BSP_TS_GetState
 .text.stmpe811_Reset
                0x080055d8       0x28 library.a(stmpe811.o)
                0x080055d8                stmpe811_Reset
 .text.stmpe811_ReadID
                0x08005600       0x24 library.a(stmpe811.o)
                0x08005600                stmpe811_ReadID
 .text.stmpe811_TS_DetectTouch
                0x08005624       0x38 library.a(stmpe811.o)
                0x08005624                stmpe811_TS_DetectTouch
 .text.stmpe811_TS_GetXY
                0x0800565c       0x3c library.a(stmpe811.o)
                0x0800565c                stmpe811_TS_GetXY
 .text.stmpe811_Init
                0x08005698       0x30 library.a(stmpe811.o)
                0x08005698                stmpe811_Init
 .text.stmpe811_EnableGlobalIT
                0x080056c8       0x1e library.a(stmpe811.o)
                0x080056c8                stmpe811_EnableGlobalIT
 .text.stmpe811_DisableGlobalIT
                0x080056e6       0x1c library.a(stmpe811.o)
                0x080056e6                stmpe811_DisableGlobalIT
 .text.stmpe811_EnableITSource
                0x08005702       0x20 library.a(stmpe811.o)
                0x08005702                stmpe811_EnableITSource
 .text.stmpe811_TS_EnableIT
                0x08005722       0x1c library.a(stmpe811.o)
                0x08005722                stmpe811_TS_EnableIT
 .text.stmpe811_DisableITSource
                0x0800573e       0x20 library.a(stmpe811.o)
                0x0800573e                stmpe811_DisableITSource
 .text.stmpe811_TS_DisableIT
                0x0800575e       0x14 library.a(stmpe811.o)
                0x0800575e                stmpe811_TS_DisableIT
 .text.stmpe811_ReadGITStatus
                0x08005772       0x10 library.a(stmpe811.o)
                0x08005772                stmpe811_ReadGITStatus
 .text.stmpe811_TS_ITStatus
                0x08005782        0x6 library.a(stmpe811.o)
                0x08005782                stmpe811_TS_ITStatus
 .text.stmpe811_ClearGlobalIT
                0x08005788        0xa library.a(stmpe811.o)
                0x08005788                stmpe811_ClearGlobalIT
 .text.stmpe811_TS_ClearIT
                0x08005792        0x6 library.a(stmpe811.o)
                0x08005792                stmpe811_TS_ClearIT
 .text.stmpe811_IO_EnableAF
                0x08005798       0x20 library.a(stmpe811.o)
                0x08005798                stmpe811_IO_EnableAF
 .text.stmpe811_TS_Start
                0x080057b8       0xa4 library.a(stmpe811.o)
                0x080057b8                stmpe811_TS_Start
 .text.exit     0x0800585c       0x20 y:/coen20/gcc/bin/../lib/gcc/arm-none-eabi/9.3.1/../../../../arm-none-eabi/lib/thumb/v7e-m+fp/hard\libc.a(lib_a-exit.o)
                0x0800585c                exit
 .text.__libc_init_array
                0x0800587c       0x48 y:/coen20/gcc/bin/../lib/gcc/arm-none-eabi/9.3.1/../../../../arm-none-eabi/lib/thumb/v7e-m+fp/hard\libc.a(lib_a-init.o)
                0x0800587c                __libc_init_array
 .text          0x080058c4      0x134 y:/coen20/gcc/bin/../lib/gcc/arm-none-eabi/9.3.1/../../../../arm-none-eabi/lib/thumb/v7e-m+fp/hard\libc.a(lib_a-memcpy.o)
                0x080058c4                memcpy
 .text.memset   0x080059f8       0xa0 y:/coen20/gcc/bin/../lib/gcc/arm-none-eabi/9.3.1/../../../../arm-none-eabi/lib/thumb/v7e-m+fp/hard\libc.a(lib_a-memset.o)
                0x080059f8                memset
 .text.validate_structure
                0x08005a98      0x1fc y:/coen20/gcc/bin/../lib/gcc/arm-none-eabi/9.3.1/../../../../arm-none-eabi/lib/thumb/v7e-m+fp/hard\libc.a(lib_a-mktime.o)
 .text.mktime   0x08005c94      0x3d4 y:/coen20/gcc/bin/../lib/gcc/arm-none-eabi/9.3.1/../../../../arm-none-eabi/lib/thumb/v7e-m+fp/hard\libc.a(lib_a-mktime.o)
                0x08005c94                mktime
 .text.sprintf  0x08006068       0x44 y:/coen20/gcc/bin/../lib/gcc/arm-none-eabi/9.3.1/../../../../arm-none-eabi/lib/thumb/v7e-m+fp/hard\libc.a(lib_a-sprintf.o)
                0x08006068                sprintf
 .text.sscanf   0x080060ac       0x58 y:/coen20/gcc/bin/../lib/gcc/arm-none-eabi/9.3.1/../../../../arm-none-eabi/lib/thumb/v7e-m+fp/hard\libc.a(lib_a-sscanf.o)
                0x080060ac                sscanf
 .text.__sread  0x08006104       0x24 y:/coen20/gcc/bin/../lib/gcc/arm-none-eabi/9.3.1/../../../../arm-none-eabi/lib/thumb/v7e-m+fp/hard\libc.a(lib_a-stdio.o)
                0x08006104                __sread
 .text.__seofread
                0x08006128        0x4 y:/coen20/gcc/bin/../lib/gcc/arm-none-eabi/9.3.1/../../../../arm-none-eabi/lib/thumb/v7e-m+fp/hard\libc.a(lib_a-stdio.o)
                0x08006128                __seofread
 .text.__swrite
                0x0800612c       0x40 y:/coen20/gcc/bin/../lib/gcc/arm-none-eabi/9.3.1/../../../../arm-none-eabi/lib/thumb/v7e-m+fp/hard\libc.a(lib_a-stdio.o)
                0x0800612c                __swrite
 .text.__sseek  0x0800616c       0x20 y:/coen20/gcc/bin/../lib/gcc/arm-none-eabi/9.3.1/../../../../arm-none-eabi/lib/thumb/v7e-m+fp/hard\libc.a(lib_a-stdio.o)
                0x0800616c                __sseek
 .text.__sclose
                0x0800618c        0x8 y:/coen20/gcc/bin/../lib/gcc/arm-none-eabi/9.3.1/../../../../arm-none-eabi/lib/thumb/v7e-m+fp/hard\libc.a(lib_a-stdio.o)
                0x0800618c                __sclose
 *fill*         0x08006194        0xc 
 .text          0x080061a0      0x2dc y:/coen20/gcc/bin/../lib/gcc/arm-none-eabi/9.3.1/../../../../arm-none-eabi/lib/thumb/v7e-m+fp/hard\libc.a(lib_a-strcmp.o)
                0x080061a8                strcmp
 .text.strcpy   0x0800647c       0xbc y:/coen20/gcc/bin/../lib/gcc/arm-none-eabi/9.3.1/../../../../arm-none-eabi/lib/thumb/v7e-m+fp/hard\libc.a(lib_a-strcpy.o)
                0x0800647c                strcpy
 *fill*         0x08006538        0x8 
 .text          0x08006540       0xdc y:/coen20/gcc/bin/../lib/gcc/arm-none-eabi/9.3.1/../../../../arm-none-eabi/lib/thumb/v7e-m+fp/hard\libc.a(lib_a-strlen.o)
                0x08006540                strlen
 *fill*         0x0800661c        0x4 
 .text._svfprintf_r
                0x08006620     0x1b38 y:/coen20/gcc/bin/../lib/gcc/arm-none-eabi/9.3.1/../../../../arm-none-eabi/lib/thumb/v7e-m+fp/hard\libc.a(lib_a-svfprintf.o)
                0x08006620                _svfprintf_r
 .text.__ssvfscanf_r
                0x08008158     0x16cc y:/coen20/gcc/bin/../lib/gcc/arm-none-eabi/9.3.1/../../../../arm-none-eabi/lib/thumb/v7e-m+fp/hard\libc.a(lib_a-svfscanf.o)
                0x08008158                __ssvfscanf_r
 .text.__tzcalc_limits
                0x08009824      0x194 y:/coen20/gcc/bin/../lib/gcc/arm-none-eabi/9.3.1/../../../../arm-none-eabi/lib/thumb/v7e-m+fp/hard\libc.a(lib_a-tzcalc_limits.o)
                0x08009824                __tzcalc_limits
 .text.__tz_lock
                0x080099b8        0xc y:/coen20/gcc/bin/../lib/gcc/arm-none-eabi/9.3.1/../../../../arm-none-eabi/lib/thumb/v7e-m+fp/hard\libc.a(lib_a-tzlock.o)
                0x080099b8                __tz_lock
 .text.__tz_unlock
                0x080099c4        0xc y:/coen20/gcc/bin/../lib/gcc/arm-none-eabi/9.3.1/../../../../arm-none-eabi/lib/thumb/v7e-m+fp/hard\libc.a(lib_a-tzlock.o)
                0x080099c4                __tz_unlock
 .text._tzset_unlocked
                0x080099d0        0xc y:/coen20/gcc/bin/../lib/gcc/arm-none-eabi/9.3.1/../../../../arm-none-eabi/lib/thumb/v7e-m+fp/hard\libc.a(lib_a-tzset.o)
                0x080099d0                _tzset_unlocked
 .text._tzset_unlocked_r
                0x080099dc      0x328 y:/coen20/gcc/bin/../lib/gcc/arm-none-eabi/9.3.1/../../../../arm-none-eabi/lib/thumb/v7e-m+fp/hard\libc.a(lib_a-tzset_r.o)
                0x080099dc                _tzset_unlocked_r
 .text._vsprintf_r
                0x08009d04       0x28 y:/coen20/gcc/bin/../lib/gcc/arm-none-eabi/9.3.1/../../../../arm-none-eabi/lib/thumb/v7e-m+fp/hard\libc.a(lib_a-vsprintf.o)
                0x08009d04                _vsprintf_r
 .text.vsprintf
                0x08009d2c       0x18 y:/coen20/gcc/bin/../lib/gcc/arm-none-eabi/9.3.1/../../../../arm-none-eabi/lib/thumb/v7e-m+fp/hard\libc.a(lib_a-vsprintf.o)
                0x08009d2c                vsprintf
 .text._write_r
                0x08009d44       0x2c y:/coen20/gcc/bin/../lib/gcc/arm-none-eabi/9.3.1/../../../../arm-none-eabi/lib/thumb/v7e-m+fp/hard\libc.a(lib_a-writer.o)
                0x08009d44                _write_r
 .text.__swsetup_r
                0x08009d70       0xd0 y:/coen20/gcc/bin/../lib/gcc/arm-none-eabi/9.3.1/../../../../arm-none-eabi/lib/thumb/v7e-m+fp/hard\libc.a(lib_a-wsetup.o)
                0x08009d70                __swsetup_r
 .text.startup.register_fini
                0x08009e40       0x14 y:/coen20/gcc/bin/../lib/gcc/arm-none-eabi/9.3.1/../../../../arm-none-eabi/lib/thumb/v7e-m+fp/hard\libc.a(lib_a-__call_atexit.o)
 .text.__call_exitprocs
                0x08009e54       0xcc y:/coen20/gcc/bin/../lib/gcc/arm-none-eabi/9.3.1/../../../../arm-none-eabi/lib/thumb/v7e-m+fp/hard\libc.a(lib_a-__call_atexit.o)
                0x08009e54                __call_exitprocs
 .text.atexit   0x08009f20        0xc y:/coen20/gcc/bin/../lib/gcc/arm-none-eabi/9.3.1/../../../../arm-none-eabi/lib/thumb/v7e-m+fp/hard\libc.a(lib_a-atexit.o)
                0x08009f20                atexit
 .text._close_r
                0x08009f2c       0x24 y:/coen20/gcc/bin/../lib/gcc/arm-none-eabi/9.3.1/../../../../arm-none-eabi/lib/thumb/v7e-m+fp/hard\libc.a(lib_a-closer.o)
                0x08009f2c                _close_r
 .text.div      0x08009f50       0x40 y:/coen20/gcc/bin/../lib/gcc/arm-none-eabi/9.3.1/../../../../arm-none-eabi/lib/thumb/v7e-m+fp/hard\libc.a(lib_a-div.o)
                0x08009f50                div
 .text.quorem   0x08009f90      0x11c y:/coen20/gcc/bin/../lib/gcc/arm-none-eabi/9.3.1/../../../../arm-none-eabi/lib/thumb/v7e-m+fp/hard\libc.a(lib_a-dtoa.o)
 *fill*         0x0800a0ac        0x4 
 .text._dtoa_r  0x0800a0b0      0xf44 y:/coen20/gcc/bin/../lib/gcc/arm-none-eabi/9.3.1/../../../../arm-none-eabi/lib/thumb/v7e-m+fp/hard\libc.a(lib_a-dtoa.o)
                0x0800a0b0                _dtoa_r
 .text.__sflush_r
                0x0800aff4      0x130 y:/coen20/gcc/bin/../lib/gcc/arm-none-eabi/9.3.1/../../../../arm-none-eabi/lib/thumb/v7e-m+fp/hard\libc.a(lib_a-fflush.o)
                0x0800aff4                __sflush_r
 .text._fflush_r
                0x0800b124       0x5c y:/coen20/gcc/bin/../lib/gcc/arm-none-eabi/9.3.1/../../../../arm-none-eabi/lib/thumb/v7e-m+fp/hard\libc.a(lib_a-fflush.o)
                0x0800b124                _fflush_r
 .text.std      0x0800b180       0x50 y:/coen20/gcc/bin/../lib/gcc/arm-none-eabi/9.3.1/../../../../arm-none-eabi/lib/thumb/v7e-m+fp/hard\libc.a(lib_a-findfp.o)
 .text._cleanup_r
                0x0800b1d0        0xc y:/coen20/gcc/bin/../lib/gcc/arm-none-eabi/9.3.1/../../../../arm-none-eabi/lib/thumb/v7e-m+fp/hard\libc.a(lib_a-findfp.o)
                0x0800b1d0                _cleanup_r
 .text.__sinit  0x0800b1dc       0x54 y:/coen20/gcc/bin/../lib/gcc/arm-none-eabi/9.3.1/../../../../arm-none-eabi/lib/thumb/v7e-m+fp/hard\libc.a(lib_a-findfp.o)
                0x0800b1dc                __sinit
 .text.__sfp_lock_acquire
                0x0800b230        0xc y:/coen20/gcc/bin/../lib/gcc/arm-none-eabi/9.3.1/../../../../arm-none-eabi/lib/thumb/v7e-m+fp/hard\libc.a(lib_a-findfp.o)
                0x0800b230                __sfp_lock_acquire
 .text.__sfp_lock_release
                0x0800b23c        0xc y:/coen20/gcc/bin/../lib/gcc/arm-none-eabi/9.3.1/../../../../arm-none-eabi/lib/thumb/v7e-m+fp/hard\libc.a(lib_a-findfp.o)
                0x0800b23c                __sfp_lock_release
 .text.__libc_fini_array
                0x0800b248       0x2c y:/coen20/gcc/bin/../lib/gcc/arm-none-eabi/9.3.1/../../../../arm-none-eabi/lib/thumb/v7e-m+fp/hard\libc.a(lib_a-fini.o)
                0x0800b248                __libc_fini_array
 .text._malloc_trim_r
                0x0800b274       0xa0 y:/coen20/gcc/bin/../lib/gcc/arm-none-eabi/9.3.1/../../../../arm-none-eabi/lib/thumb/v7e-m+fp/hard\libc.a(lib_a-freer.o)
                0x0800b274                _malloc_trim_r
 .text._free_r  0x0800b314      0x208 y:/coen20/gcc/bin/../lib/gcc/arm-none-eabi/9.3.1/../../../../arm-none-eabi/lib/thumb/v7e-m+fp/hard\libc.a(lib_a-freer.o)
                0x0800b314                _free_r
 .text._fwalk_reent
                0x0800b51c       0x48 y:/coen20/gcc/bin/../lib/gcc/arm-none-eabi/9.3.1/../../../../arm-none-eabi/lib/thumb/v7e-m+fp/hard\libc.a(lib_a-fwalk.o)
                0x0800b51c                _fwalk_reent
 .text._findenv_r
                0x0800b564       0x80 y:/coen20/gcc/bin/../lib/gcc/arm-none-eabi/9.3.1/../../../../arm-none-eabi/lib/thumb/v7e-m+fp/hard\libc.a(lib_a-getenv_r.o)
                0x0800b564                _findenv_r
 .text._getenv_r
                0x0800b5e4       0x10 y:/coen20/gcc/bin/../lib/gcc/arm-none-eabi/9.3.1/../../../../arm-none-eabi/lib/thumb/v7e-m+fp/hard\libc.a(lib_a-getenv_r.o)
                0x0800b5e4                _getenv_r
 .text.__gettzinfo
                0x0800b5f4        0x8 y:/coen20/gcc/bin/../lib/gcc/arm-none-eabi/9.3.1/../../../../arm-none-eabi/lib/thumb/v7e-m+fp/hard\libc.a(lib_a-gettzinfo.o)
                0x0800b5f4                __gettzinfo
 .text.iswspace
                0x0800b5fc        0x8 y:/coen20/gcc/bin/../lib/gcc/arm-none-eabi/9.3.1/../../../../arm-none-eabi/lib/thumb/v7e-m+fp/hard\libc.a(lib_a-iswspace.o)
                0x0800b5fc                iswspace
 .text.iswspace_l
                0x0800b604       0x14 y:/coen20/gcc/bin/../lib/gcc/arm-none-eabi/9.3.1/../../../../arm-none-eabi/lib/thumb/v7e-m+fp/hard\libc.a(lib_a-iswspace_l.o)
                0x0800b604                iswspace_l
 .text.__locale_mb_cur_max
                0x0800b618        0xc y:/coen20/gcc/bin/../lib/gcc/arm-none-eabi/9.3.1/../../../../arm-none-eabi/lib/thumb/v7e-m+fp/hard\libc.a(lib_a-locale.o)
                0x0800b618                __locale_mb_cur_max
 .text._localeconv_r
                0x0800b624        0x8 y:/coen20/gcc/bin/../lib/gcc/arm-none-eabi/9.3.1/../../../../arm-none-eabi/lib/thumb/v7e-m+fp/hard\libc.a(lib_a-localeconv.o)
                0x0800b624                _localeconv_r
 .text.__retarget_lock_init_recursive
                0x0800b62c        0x4 y:/coen20/gcc/bin/../lib/gcc/arm-none-eabi/9.3.1/../../../../arm-none-eabi/lib/thumb/v7e-m+fp/hard\libc.a(lib_a-lock.o)
                0x0800b62c                __retarget_lock_init_recursive
 .text.__retarget_lock_close_recursive
                0x0800b630        0x4 y:/coen20/gcc/bin/../lib/gcc/arm-none-eabi/9.3.1/../../../../arm-none-eabi/lib/thumb/v7e-m+fp/hard\libc.a(lib_a-lock.o)
                0x0800b630                __retarget_lock_close_recursive
 .text.__retarget_lock_acquire
                0x0800b634        0x4 y:/coen20/gcc/bin/../lib/gcc/arm-none-eabi/9.3.1/../../../../arm-none-eabi/lib/thumb/v7e-m+fp/hard\libc.a(lib_a-lock.o)
                0x0800b634                __retarget_lock_acquire
 .text.__retarget_lock_acquire_recursive
                0x0800b638        0x4 y:/coen20/gcc/bin/../lib/gcc/arm-none-eabi/9.3.1/../../../../arm-none-eabi/lib/thumb/v7e-m+fp/hard\libc.a(lib_a-lock.o)
                0x0800b638                __retarget_lock_acquire_recursive
 .text.__retarget_lock_release
                0x0800b63c        0x4 y:/coen20/gcc/bin/../lib/gcc/arm-none-eabi/9.3.1/../../../../arm-none-eabi/lib/thumb/v7e-m+fp/hard\libc.a(lib_a-lock.o)
                0x0800b63c                __retarget_lock_release
 .text.__retarget_lock_release_recursive
                0x0800b640        0x4 y:/coen20/gcc/bin/../lib/gcc/arm-none-eabi/9.3.1/../../../../arm-none-eabi/lib/thumb/v7e-m+fp/hard\libc.a(lib_a-lock.o)
                0x0800b640                __retarget_lock_release_recursive
 .text._lseek_r
                0x0800b644       0x2c y:/coen20/gcc/bin/../lib/gcc/arm-none-eabi/9.3.1/../../../../arm-none-eabi/lib/thumb/v7e-m+fp/hard\libc.a(lib_a-lseekr.o)
                0x0800b644                _lseek_r
 .text.__swhatbuf_r
                0x0800b670       0x5c y:/coen20/gcc/bin/../lib/gcc/arm-none-eabi/9.3.1/../../../../arm-none-eabi/lib/thumb/v7e-m+fp/hard\libc.a(lib_a-makebuf.o)
                0x0800b670                __swhatbuf_r
 .text.__smakebuf_r
                0x0800b6cc       0x98 y:/coen20/gcc/bin/../lib/gcc/arm-none-eabi/9.3.1/../../../../arm-none-eabi/lib/thumb/v7e-m+fp/hard\libc.a(lib_a-makebuf.o)
                0x0800b6cc                __smakebuf_r
 .text.malloc   0x0800b764       0x10 y:/coen20/gcc/bin/../lib/gcc/arm-none-eabi/9.3.1/../../../../arm-none-eabi/lib/thumb/v7e-m+fp/hard\libc.a(lib_a-malloc.o)
                0x0800b764                malloc
 .text.free     0x0800b774       0x10 y:/coen20/gcc/bin/../lib/gcc/arm-none-eabi/9.3.1/../../../../arm-none-eabi/lib/thumb/v7e-m+fp/hard\libc.a(lib_a-malloc.o)
                0x0800b774                free
 .text._malloc_r
                0x0800b784      0x574 y:/coen20/gcc/bin/../lib/gcc/arm-none-eabi/9.3.1/../../../../arm-none-eabi/lib/thumb/v7e-m+fp/hard\libc.a(lib_a-mallocr.o)
                0x0800b784                _malloc_r
 .text._mbrtowc_r
                0x0800bcf8       0x44 y:/coen20/gcc/bin/../lib/gcc/arm-none-eabi/9.3.1/../../../../arm-none-eabi/lib/thumb/v7e-m+fp/hard\libc.a(lib_a-mbrtowc.o)
                0x0800bcf8                _mbrtowc_r
 .text.__ascii_mbtowc
                0x0800bd3c       0x2c y:/coen20/gcc/bin/../lib/gcc/arm-none-eabi/9.3.1/../../../../arm-none-eabi/lib/thumb/v7e-m+fp/hard\libc.a(lib_a-mbtowc_r.o)
                0x0800bd3c                __ascii_mbtowc
 *fill*         0x0800bd68        0x8 
 .text          0x0800bd70       0xa0 y:/coen20/gcc/bin/../lib/gcc/arm-none-eabi/9.3.1/../../../../arm-none-eabi/lib/thumb/v7e-m+fp/hard\libc.a(lib_a-memchr.o)
                0x0800bd70                memchr
 .text.__malloc_lock
                0x0800be10        0xc y:/coen20/gcc/bin/../lib/gcc/arm-none-eabi/9.3.1/../../../../arm-none-eabi/lib/thumb/v7e-m+fp/hard\libc.a(lib_a-mlock.o)
                0x0800be10                __malloc_lock
 .text.__malloc_unlock
                0x0800be1c        0xc y:/coen20/gcc/bin/../lib/gcc/arm-none-eabi/9.3.1/../../../../arm-none-eabi/lib/thumb/v7e-m+fp/hard\libc.a(lib_a-mlock.o)
                0x0800be1c                __malloc_unlock
 .text._Balloc  0x0800be28       0x4c y:/coen20/gcc/bin/../lib/gcc/arm-none-eabi/9.3.1/../../../../arm-none-eabi/lib/thumb/v7e-m+fp/hard\libc.a(lib_a-mprec.o)
                0x0800be28                _Balloc
 .text._Bfree   0x0800be74       0x14 y:/coen20/gcc/bin/../lib/gcc/arm-none-eabi/9.3.1/../../../../arm-none-eabi/lib/thumb/v7e-m+fp/hard\libc.a(lib_a-mprec.o)
                0x0800be74                _Bfree
 .text.__multadd
                0x0800be88       0xac y:/coen20/gcc/bin/../lib/gcc/arm-none-eabi/9.3.1/../../../../arm-none-eabi/lib/thumb/v7e-m+fp/hard\libc.a(lib_a-mprec.o)
                0x0800be88                __multadd
 .text.__s2b    0x0800bf34       0xb4 y:/coen20/gcc/bin/../lib/gcc/arm-none-eabi/9.3.1/../../../../arm-none-eabi/lib/thumb/v7e-m+fp/hard\libc.a(lib_a-mprec.o)
                0x0800bf34                __s2b
 .text.__hi0bits
                0x0800bfe8       0x40 y:/coen20/gcc/bin/../lib/gcc/arm-none-eabi/9.3.1/../../../../arm-none-eabi/lib/thumb/v7e-m+fp/hard\libc.a(lib_a-mprec.o)
                0x0800bfe8                __hi0bits
 .text.__lo0bits
                0x0800c028       0x60 y:/coen20/gcc/bin/../lib/gcc/arm-none-eabi/9.3.1/../../../../arm-none-eabi/lib/thumb/v7e-m+fp/hard\libc.a(lib_a-mprec.o)
                0x0800c028                __lo0bits
 .text.__i2b    0x0800c088       0x2c y:/coen20/gcc/bin/../lib/gcc/arm-none-eabi/9.3.1/../../../../arm-none-eabi/lib/thumb/v7e-m+fp/hard\libc.a(lib_a-mprec.o)
                0x0800c088                __i2b
 .text.__multiply
                0x0800c0b4      0x160 y:/coen20/gcc/bin/../lib/gcc/arm-none-eabi/9.3.1/../../../../arm-none-eabi/lib/thumb/v7e-m+fp/hard\libc.a(lib_a-mprec.o)
                0x0800c0b4                __multiply
 .text.__pow5mult
                0x0800c214       0x98 y:/coen20/gcc/bin/../lib/gcc/arm-none-eabi/9.3.1/../../../../arm-none-eabi/lib/thumb/v7e-m+fp/hard\libc.a(lib_a-mprec.o)
                0x0800c214                __pow5mult
 .text.__lshift
                0x0800c2ac       0xe8 y:/coen20/gcc/bin/../lib/gcc/arm-none-eabi/9.3.1/../../../../arm-none-eabi/lib/thumb/v7e-m+fp/hard\libc.a(lib_a-mprec.o)
                0x0800c2ac                __lshift
 .text.__mcmp   0x0800c394       0x3c y:/coen20/gcc/bin/../lib/gcc/arm-none-eabi/9.3.1/../../../../arm-none-eabi/lib/thumb/v7e-m+fp/hard\libc.a(lib_a-mprec.o)
                0x0800c394                __mcmp
 .text.__mdiff  0x0800c3d0      0x148 y:/coen20/gcc/bin/../lib/gcc/arm-none-eabi/9.3.1/../../../../arm-none-eabi/lib/thumb/v7e-m+fp/hard\libc.a(lib_a-mprec.o)
                0x0800c3d0                __mdiff
 .text.__ulp    0x0800c518       0x60 y:/coen20/gcc/bin/../lib/gcc/arm-none-eabi/9.3.1/../../../../arm-none-eabi/lib/thumb/v7e-m+fp/hard\libc.a(lib_a-mprec.o)
                0x0800c518                __ulp
 .text.__b2d    0x0800c578       0xc4 y:/coen20/gcc/bin/../lib/gcc/arm-none-eabi/9.3.1/../../../../arm-none-eabi/lib/thumb/v7e-m+fp/hard\libc.a(lib_a-mprec.o)
                0x0800c578                __b2d
 .text.__d2b    0x0800c63c       0xd0 y:/coen20/gcc/bin/../lib/gcc/arm-none-eabi/9.3.1/../../../../arm-none-eabi/lib/thumb/v7e-m+fp/hard\libc.a(lib_a-mprec.o)
                0x0800c63c                __d2b
 .text.__ratio  0x0800c70c       0x5c y:/coen20/gcc/bin/../lib/gcc/arm-none-eabi/9.3.1/../../../../arm-none-eabi/lib/thumb/v7e-m+fp/hard\libc.a(lib_a-mprec.o)
                0x0800c70c                __ratio
 .text.__copybits
                0x0800c768       0x48 y:/coen20/gcc/bin/../lib/gcc/arm-none-eabi/9.3.1/../../../../arm-none-eabi/lib/thumb/v7e-m+fp/hard\libc.a(lib_a-mprec.o)
                0x0800c768                __copybits
 .text.__any_on
                0x0800c7b0       0x64 y:/coen20/gcc/bin/../lib/gcc/arm-none-eabi/9.3.1/../../../../arm-none-eabi/lib/thumb/v7e-m+fp/hard\libc.a(lib_a-mprec.o)
                0x0800c7b0                __any_on
 .text._read_r  0x0800c814       0x2c y:/coen20/gcc/bin/../lib/gcc/arm-none-eabi/9.3.1/../../../../arm-none-eabi/lib/thumb/v7e-m+fp/hard\libc.a(lib_a-readr.o)
                0x0800c814                _read_r
 .text.realloc  0x0800c840       0x10 y:/coen20/gcc/bin/../lib/gcc/arm-none-eabi/9.3.1/../../../../arm-none-eabi/lib/thumb/v7e-m+fp/hard\libc.a(lib_a-realloc.o)
                0x0800c840                realloc
 .text._realloc_r
                0x0800c850      0x3e0 y:/coen20/gcc/bin/../lib/gcc/arm-none-eabi/9.3.1/../../../../arm-none-eabi/lib/thumb/v7e-m+fp/hard\libc.a(lib_a-reallocr.o)
                0x0800c850                _realloc_r
 .text.frexp    0x0800cc30       0x6c y:/coen20/gcc/bin/../lib/gcc/arm-none-eabi/9.3.1/../../../../arm-none-eabi/lib/thumb/v7e-m+fp/hard\libc.a(lib_a-s_frexp.o)
                0x0800cc30                frexp
 .text._sbrk_r  0x0800cc9c       0x24 y:/coen20/gcc/bin/../lib/gcc/arm-none-eabi/9.3.1/../../../../arm-none-eabi/lib/thumb/v7e-m+fp/hard\libc.a(lib_a-sbrkr.o)
                0x0800cc9c                _sbrk_r
 .text.__sccl   0x0800ccc0       0x88 y:/coen20/gcc/bin/../lib/gcc/arm-none-eabi/9.3.1/../../../../arm-none-eabi/lib/thumb/v7e-m+fp/hard\libc.a(lib_a-sccl.o)
                0x0800ccc0                __sccl
 .text.nanf     0x0800cd48        0xc y:/coen20/gcc/bin/../lib/gcc/arm-none-eabi/9.3.1/../../../../arm-none-eabi/lib/thumb/v7e-m+fp/hard\libc.a(lib_a-sf_nan.o)
                0x0800cd48                nanf
 .text.siscanf  0x0800cd54       0x58 y:/coen20/gcc/bin/../lib/gcc/arm-none-eabi/9.3.1/../../../../arm-none-eabi/lib/thumb/v7e-m+fp/hard\libc.a(lib_a-siscanf.o)
                0x0800cd54                siscanf
 .text.strncmp  0x0800cdac       0x7c y:/coen20/gcc/bin/../lib/gcc/arm-none-eabi/9.3.1/../../../../arm-none-eabi/lib/thumb/v7e-m+fp/hard\libc.a(lib_a-strncmp.o)
                0x0800cdac                strncmp
 .text.strncpy  0x0800ce28       0x68 y:/coen20/gcc/bin/../lib/gcc/arm-none-eabi/9.3.1/../../../../arm-none-eabi/lib/thumb/v7e-m+fp/hard\libc.a(lib_a-strncpy.o)
                0x0800ce28                strncpy
 .text.sulp     0x0800ce90       0x38 y:/coen20/gcc/bin/../lib/gcc/arm-none-eabi/9.3.1/../../../../arm-none-eabi/lib/thumb/v7e-m+fp/hard\libc.a(lib_a-strtod.o)
 .text._strtod_l
                0x0800cec8      0xf98 y:/coen20/gcc/bin/../lib/gcc/arm-none-eabi/9.3.1/../../../../arm-none-eabi/lib/thumb/v7e-m+fp/hard\libc.a(lib_a-strtod.o)
                0x0800cec8                _strtod_l
 .text._strtod_r
                0x0800de60        0xc y:/coen20/gcc/bin/../lib/gcc/arm-none-eabi/9.3.1/../../../../arm-none-eabi/lib/thumb/v7e-m+fp/hard\libc.a(lib_a-strtod.o)
                0x0800de60                _strtod_r
 .text._strtol_l.isra.0
                0x0800de6c      0x12c y:/coen20/gcc/bin/../lib/gcc/arm-none-eabi/9.3.1/../../../../arm-none-eabi/lib/thumb/v7e-m+fp/hard\libc.a(lib_a-strtol.o)
 .text._strtol_r
                0x0800df98        0x4 y:/coen20/gcc/bin/../lib/gcc/arm-none-eabi/9.3.1/../../../../arm-none-eabi/lib/thumb/v7e-m+fp/hard\libc.a(lib_a-strtol.o)
                0x0800df98                _strtol_r
 .text._strtoll_l.isra.0
                0x0800df9c      0x17c y:/coen20/gcc/bin/../lib/gcc/arm-none-eabi/9.3.1/../../../../arm-none-eabi/lib/thumb/v7e-m+fp/hard\libc.a(lib_a-strtoll.o)
 .text._strtoll_r
                0x0800e118        0x4 y:/coen20/gcc/bin/../lib/gcc/arm-none-eabi/9.3.1/../../../../arm-none-eabi/lib/thumb/v7e-m+fp/hard\libc.a(lib_a-strtoll.o)
                0x0800e118                _strtoll_r
 .text._strtoul_l.isra.0
                0x0800e11c      0x13c y:/coen20/gcc/bin/../lib/gcc/arm-none-eabi/9.3.1/../../../../arm-none-eabi/lib/thumb/v7e-m+fp/hard\libc.a(lib_a-strtoul.o)
 .text._strtoul_r
                0x0800e258        0x4 y:/coen20/gcc/bin/../lib/gcc/arm-none-eabi/9.3.1/../../../../arm-none-eabi/lib/thumb/v7e-m+fp/hard\libc.a(lib_a-strtoul.o)
                0x0800e258                _strtoul_r
 .text.strtoul  0x0800e25c       0x18 y:/coen20/gcc/bin/../lib/gcc/arm-none-eabi/9.3.1/../../../../arm-none-eabi/lib/thumb/v7e-m+fp/hard\libc.a(lib_a-strtoul.o)
                0x0800e25c                strtoul
 .text._strtoull_l.isra.0
                0x0800e274      0x1b8 y:/coen20/gcc/bin/../lib/gcc/arm-none-eabi/9.3.1/../../../../arm-none-eabi/lib/thumb/v7e-m+fp/hard\libc.a(lib_a-strtoull.o)
 .text._strtoull_r
                0x0800e42c        0x4 y:/coen20/gcc/bin/../lib/gcc/arm-none-eabi/9.3.1/../../../../arm-none-eabi/lib/thumb/v7e-m+fp/hard\libc.a(lib_a-strtoull.o)
                0x0800e42c                _strtoull_r
 .text.__ssprint_r
                0x0800e430       0xf8 y:/coen20/gcc/bin/../lib/gcc/arm-none-eabi/9.3.1/../../../../arm-none-eabi/lib/thumb/v7e-m+fp/hard\libc.a(lib_a-svfiprintf.o)
                0x0800e430                __ssprint_r
 .text._sungetc_r
                0x0800e528       0x80 y:/coen20/gcc/bin/../lib/gcc/arm-none-eabi/9.3.1/../../../../arm-none-eabi/lib/thumb/v7e-m+fp/hard\libc.a(lib_a-svfiscanf.o)
                0x0800e528                _sungetc_r
 .text.__ssrefill_r
                0x0800e5a8       0x3c y:/coen20/gcc/bin/../lib/gcc/arm-none-eabi/9.3.1/../../../../arm-none-eabi/lib/thumb/v7e-m+fp/hard\libc.a(lib_a-svfiscanf.o)
                0x0800e5a8                __ssrefill_r
 .text._sfread_r
                0x0800e5e4       0x7c y:/coen20/gcc/bin/../lib/gcc/arm-none-eabi/9.3.1/../../../../arm-none-eabi/lib/thumb/v7e-m+fp/hard\libc.a(lib_a-svfiscanf.o)
                0x0800e5e4                _sfread_r
 .text.__ssvfiscanf_r
                0x0800e660     0x125c y:/coen20/gcc/bin/../lib/gcc/arm-none-eabi/9.3.1/../../../../arm-none-eabi/lib/thumb/v7e-m+fp/hard\libc.a(lib_a-svfiscanf.o)
                0x0800e660                __ssvfiscanf_r
 .text.__submore
                0x0800f8bc       0x78 y:/coen20/gcc/bin/../lib/gcc/arm-none-eabi/9.3.1/../../../../arm-none-eabi/lib/thumb/v7e-m+fp/hard\libc.a(lib_a-ungetc.o)
                0x0800f8bc                __submore
 .text.__sprint_r.part.0
                0x0800f934       0x78 y:/coen20/gcc/bin/../lib/gcc/arm-none-eabi/9.3.1/../../../../arm-none-eabi/lib/thumb/v7e-m+fp/hard\libc.a(lib_a-vfiprintf.o)
 .text._vfiprintf_r
                0x0800f9ac      0xd4c y:/coen20/gcc/bin/../lib/gcc/arm-none-eabi/9.3.1/../../../../arm-none-eabi/lib/thumb/v7e-m+fp/hard\libc.a(lib_a-vfiprintf.o)
                0x0800f9ac                _vfiprintf_r
 .text.__sbprintf
                0x080106f8       0x84 y:/coen20/gcc/bin/../lib/gcc/arm-none-eabi/9.3.1/../../../../arm-none-eabi/lib/thumb/v7e-m+fp/hard\libc.a(lib_a-vfiprintf.o)
 .text.__ascii_wctomb
                0x0801077c       0x1c y:/coen20/gcc/bin/../lib/gcc/arm-none-eabi/9.3.1/../../../../arm-none-eabi/lib/thumb/v7e-m+fp/hard\libc.a(lib_a-wctomb_r.o)
                0x0801077c                __ascii_wctomb
 .text.__register_exitproc
                0x08010798       0x8c y:/coen20/gcc/bin/../lib/gcc/arm-none-eabi/9.3.1/../../../../arm-none-eabi/lib/thumb/v7e-m+fp/hard\libc.a(lib_a-__atexit.o)
                0x08010798                __register_exitproc
 .text.__assert_func
                0x08010824       0x3c y:/coen20/gcc/bin/../lib/gcc/arm-none-eabi/9.3.1/../../../../arm-none-eabi/lib/thumb/v7e-m+fp/hard\libc.a(lib_a-assert.o)
                0x08010824                __assert_func
 .text._calloc_r
                0x08010860       0x60 y:/coen20/gcc/bin/../lib/gcc/arm-none-eabi/9.3.1/../../../../arm-none-eabi/lib/thumb/v7e-m+fp/hard\libc.a(lib_a-callocr.o)
                0x08010860                _calloc_r
 .text.__env_lock
                0x080108c0        0xc y:/coen20/gcc/bin/../lib/gcc/arm-none-eabi/9.3.1/../../../../arm-none-eabi/lib/thumb/v7e-m+fp/hard\libc.a(lib_a-envlock.o)
                0x080108c0                __env_lock
 .text.__env_unlock
                0x080108cc        0xc y:/coen20/gcc/bin/../lib/gcc/arm-none-eabi/9.3.1/../../../../arm-none-eabi/lib/thumb/v7e-m+fp/hard\libc.a(lib_a-envlock.o)
                0x080108cc                __env_unlock
 .text.__errno  0x080108d8        0xc y:/coen20/gcc/bin/../lib/gcc/arm-none-eabi/9.3.1/../../../../arm-none-eabi/lib/thumb/v7e-m+fp/hard\libc.a(lib_a-errno.o)
                0x080108d8                __errno
 .text._fclose_r
                0x080108e4       0xcc y:/coen20/gcc/bin/../lib/gcc/arm-none-eabi/9.3.1/../../../../arm-none-eabi/lib/thumb/v7e-m+fp/hard\libc.a(lib_a-fclose.o)
                0x080108e4                _fclose_r
 .text.fiprintf
                0x080109b0       0x28 y:/coen20/gcc/bin/../lib/gcc/arm-none-eabi/9.3.1/../../../../arm-none-eabi/lib/thumb/v7e-m+fp/hard\libc.a(lib_a-fiprintf.o)
                0x080109b0                fiprintf
 .text.__fputwc
                0x080109d8       0xa8 y:/coen20/gcc/bin/../lib/gcc/arm-none-eabi/9.3.1/../../../../arm-none-eabi/lib/thumb/v7e-m+fp/hard\libc.a(lib_a-fputwc.o)
                0x080109d8                __fputwc
 .text._fputwc_r
                0x08010a80       0x68 y:/coen20/gcc/bin/../lib/gcc/arm-none-eabi/9.3.1/../../../../arm-none-eabi/lib/thumb/v7e-m+fp/hard\libc.a(lib_a-fputwc.o)
                0x08010a80                _fputwc_r
 .text._fstat_r
                0x08010ae8       0x2c y:/coen20/gcc/bin/../lib/gcc/arm-none-eabi/9.3.1/../../../../arm-none-eabi/lib/thumb/v7e-m+fp/hard\libc.a(lib_a-fstatr.o)
                0x08010ae8                _fstat_r
 .text.__sfvwrite_r
                0x08010b14      0x2e0 y:/coen20/gcc/bin/../lib/gcc/arm-none-eabi/9.3.1/../../../../arm-none-eabi/lib/thumb/v7e-m+fp/hard\libc.a(lib_a-fvwrite.o)
                0x08010b14                __sfvwrite_r
 .text.rshift   0x08010df4       0xa4 y:/coen20/gcc/bin/../lib/gcc/arm-none-eabi/9.3.1/../../../../arm-none-eabi/lib/thumb/v7e-m+fp/hard\libc.a(lib_a-gdtoa-gethex.o)
 .text.__gethex
                0x08010e98      0x570 y:/coen20/gcc/bin/../lib/gcc/arm-none-eabi/9.3.1/../../../../arm-none-eabi/lib/thumb/v7e-m+fp/hard\libc.a(lib_a-gdtoa-gethex.o)
                0x08010e98                __gethex
 .text.__match  0x08011408       0x30 y:/coen20/gcc/bin/../lib/gcc/arm-none-eabi/9.3.1/../../../../arm-none-eabi/lib/thumb/v7e-m+fp/hard\libc.a(lib_a-gdtoa-hexnan.o)
                0x08011408                __match
 .text.__hexnan
                0x08011438      0x1a4 y:/coen20/gcc/bin/../lib/gcc/arm-none-eabi/9.3.1/../../../../arm-none-eabi/lib/thumb/v7e-m+fp/hard\libc.a(lib_a-gdtoa-hexnan.o)
                0x08011438                __hexnan
 .text._isatty_r
                0x080115dc       0x24 y:/coen20/gcc/bin/../lib/gcc/arm-none-eabi/9.3.1/../../../../arm-none-eabi/lib/thumb/v7e-m+fp/hard\libc.a(lib_a-isattyr.o)
                0x080115dc                _isatty_r
 .text.memmove  0x08011600       0xd8 y:/coen20/gcc/bin/../lib/gcc/arm-none-eabi/9.3.1/../../../../arm-none-eabi/lib/thumb/v7e-m+fp/hard\libc.a(lib_a-memmove.o)
                0x08011600                memmove
 .text.nan      0x080116d8       0x10 y:/coen20/gcc/bin/../lib/gcc/arm-none-eabi/9.3.1/../../../../arm-none-eabi/lib/thumb/v7e-m+fp/hard\libc.a(lib_a-s_nan.o)
                0x080116d8                nan
 .text.__swbuf_r
                0x080116e8       0xb0 y:/coen20/gcc/bin/../lib/gcc/arm-none-eabi/9.3.1/../../../../arm-none-eabi/lib/thumb/v7e-m+fp/hard\libc.a(lib_a-wbuf.o)
                0x080116e8                __swbuf_r
 .text._wcrtomb_r
                0x08011798       0x3c y:/coen20/gcc/bin/../lib/gcc/arm-none-eabi/9.3.1/../../../../arm-none-eabi/lib/thumb/v7e-m+fp/hard\libc.a(lib_a-wcrtomb.o)
                0x08011798                _wcrtomb_r
 .text.abort    0x080117d4       0x10 y:/coen20/gcc/bin/../lib/gcc/arm-none-eabi/9.3.1/../../../../arm-none-eabi/lib/thumb/v7e-m+fp/hard\libc.a(lib_a-abort.o)
                0x080117d4                abort
 .text._raise_r
                0x080117e4       0x58 y:/coen20/gcc/bin/../lib/gcc/arm-none-eabi/9.3.1/../../../../arm-none-eabi/lib/thumb/v7e-m+fp/hard\libc.a(lib_a-signal.o)
                0x080117e4                _raise_r
 .text.raise    0x0801183c       0x10 y:/coen20/gcc/bin/../lib/gcc/arm-none-eabi/9.3.1/../../../../arm-none-eabi/lib/thumb/v7e-m+fp/hard\libc.a(lib_a-signal.o)
                0x0801183c                raise
 .text._kill_r  0x0801184c       0x2c y:/coen20/gcc/bin/../lib/gcc/arm-none-eabi/9.3.1/../../../../arm-none-eabi/lib/thumb/v7e-m+fp/hard\libc.a(lib_a-signalr.o)
                0x0801184c                _kill_r
 .text._getpid_r
                0x08011878        0x4 y:/coen20/gcc/bin/../lib/gcc/arm-none-eabi/9.3.1/../../../../arm-none-eabi/lib/thumb/v7e-m+fp/hard\libc.a(lib_a-signalr.o)
                0x08011878                _getpid_r
 .text._sbrk    0x0801187c       0x1c y:/coen20/gcc/bin/../lib/gcc/arm-none-eabi/9.3.1/../../../../arm-none-eabi/lib/thumb/v7e-m+fp/hard\libnosys.a(sbrk.o)
                0x0801187c                _sbrk
 .text._exit    0x08011898        0x4 y:/coen20/gcc/bin/../lib/gcc/arm-none-eabi/9.3.1/../../../../arm-none-eabi/lib/thumb/v7e-m+fp/hard\libnosys.a(_exit.o)
                0x08011898                _exit
 .text          0x0801189c      0x378 y:/coen20/gcc/bin/../lib/gcc/arm-none-eabi/9.3.1/thumb/v7e-m+fp/hard\libgcc.a(_arm_addsubdf3.o)
                0x0801189c                __aeabi_drsub
                0x080118a4                __aeabi_dsub
                0x080118a4                __subdf3
                0x080118a8                __aeabi_dadd
                0x080118a8                __adddf3
                0x08011b20                __floatunsidf
                0x08011b20                __aeabi_ui2d
                0x08011b40                __floatsidf
                0x08011b40                __aeabi_i2d
                0x08011b64                __aeabi_f2d
                0x08011b64                __extendsfdf2
                0x08011ba8                __floatundidf
                0x08011ba8                __aeabi_ul2d
                0x08011bb8                __floatdidf
                0x08011bb8                __aeabi_l2d
 .text          0x08011c14      0x424 y:/coen20/gcc/bin/../lib/gcc/arm-none-eabi/9.3.1/thumb/v7e-m+fp/hard\libgcc.a(_arm_muldivdf3.o)
                0x08011c14                __aeabi_dmul
                0x08011c14                __muldf3
                0x08011e68                __divdf3
                0x08011e68                __aeabi_ddiv
 .text          0x08012038      0x110 y:/coen20/gcc/bin/../lib/gcc/arm-none-eabi/9.3.1/thumb/v7e-m+fp/hard\libgcc.a(_arm_cmpdf2.o)
                0x08012038                __gtdf2
                0x08012038                __gedf2
                0x08012040                __ltdf2
                0x08012040                __ledf2
                0x08012048                __nedf2
                0x08012048                __eqdf2
                0x08012048                __cmpdf2
                0x080120c4                __aeabi_cdrcmple
                0x080120d4                __aeabi_cdcmpeq
                0x080120d4                __aeabi_cdcmple
                0x080120e4                __aeabi_dcmpeq
                0x080120f8                __aeabi_dcmplt
                0x0801210c                __aeabi_dcmple
                0x08012120                __aeabi_dcmpge
                0x08012134                __aeabi_dcmpgt
 .text          0x08012148       0x2c y:/coen20/gcc/bin/../lib/gcc/arm-none-eabi/9.3.1/thumb/v7e-m+fp/hard\libgcc.a(_arm_unorddf2.o)
                0x08012148                __unorddf2
                0x08012148                __aeabi_dcmpun
 .text          0x08012174       0x50 y:/coen20/gcc/bin/../lib/gcc/arm-none-eabi/9.3.1/thumb/v7e-m+fp/hard\libgcc.a(_arm_fixdfsi.o)
                0x08012174                __aeabi_d2iz
                0x08012174                __fixdfsi
 .text          0x080121c4       0x40 y:/coen20/gcc/bin/../lib/gcc/arm-none-eabi/9.3.1/thumb/v7e-m+fp/hard\libgcc.a(_arm_fixunsdfsi.o)
                0x080121c4                __aeabi_d2uiz
                0x080121c4                __fixunsdfsi
 .text          0x08012204       0xa0 y:/coen20/gcc/bin/../lib/gcc/arm-none-eabi/9.3.1/thumb/v7e-m+fp/hard\libgcc.a(_arm_truncdfsf2.o)
                0x08012204                __truncdfsf2
                0x08012204                __aeabi_d2f
 .text          0x080122a4       0x30 y:/coen20/gcc/bin/../lib/gcc/arm-none-eabi/9.3.1/thumb/v7e-m+fp/hard\libgcc.a(_aeabi_uldivmod.o)
                0x080122a4                __aeabi_uldivmod
 .text          0x080122d4       0x30 y:/coen20/gcc/bin/../lib/gcc/arm-none-eabi/9.3.1/thumb/v7e-m+fp/hard\libgcc.a(_fixdfdi.o)
                0x080122d4                __fixdfdi
                0x080122d4                __aeabi_d2lz
 .text          0x08012304       0x3c y:/coen20/gcc/bin/../lib/gcc/arm-none-eabi/9.3.1/thumb/v7e-m+fp/hard\libgcc.a(_fixunsdfdi.o)
                0x08012304                __fixunsdfdi
                0x08012304                __aeabi_d2ulz
 .text          0x08012340      0x2c4 y:/coen20/gcc/bin/../lib/gcc/arm-none-eabi/9.3.1/thumb/v7e-m+fp/hard\libgcc.a(_udivmoddi4.o)
                0x08012340                __udivmoddi4
 .text          0x08012604        0x4 y:/coen20/gcc/bin/../lib/gcc/arm-none-eabi/9.3.1/thumb/v7e-m+fp/hard\libgcc.a(_dvmd_tls.o)
                0x08012604                __aeabi_idiv0
                0x08012604                __aeabi_ldiv0
 *(.init)
 .init          0x08012608        0x4 y:/coen20/gcc/bin/../lib/gcc/arm-none-eabi/9.3.1/thumb/v7e-m+fp/hard/crti.o
                0x08012608                _init
 .init          0x0801260c        0x8 y:/coen20/gcc/bin/../lib/gcc/arm-none-eabi/9.3.1/thumb/v7e-m+fp/hard/crtn.o
 *(.fini)
 .fini          0x08012614        0x4 y:/coen20/gcc/bin/../lib/gcc/arm-none-eabi/9.3.1/thumb/v7e-m+fp/hard/crti.o
                0x08012614                _fini
 .fini          0x08012618        0x8 y:/coen20/gcc/bin/../lib/gcc/arm-none-eabi/9.3.1/thumb/v7e-m+fp/hard/crtn.o
 *crtbegin.o(.ctors)
 *crtbegin?.o(.ctors)
 *(EXCLUDE_FILE(*crtend.o *crtend?.o) .ctors)
 *(SORT_BY_NAME(.ctors.*))
 *(.ctors)
 *crtbegin.o(.dtors)
 *crtbegin?.o(.dtors)
 *(EXCLUDE_FILE(*crtend.o *crtend?.o) .dtors)
 *(SORT_BY_NAME(.dtors.*))
 *(.dtors)
 *(.rodata*)
 .rodata        0x08012620      0x28f obj/Lab8A-Main-c.o
 .rodata.DisplayHeader.str1.1
                0x080128af       0x27 library.a(initialize.o)
 .rodata._write.str1.1
                0x080128d6       0x27 library.a(initialize.o)
                                  0x1 (size before relaxing)
 .rodata.Font12_Table
                0x080128d6      0x474 library.a(stm32f429i_discovery_lcd.o)
                0x080128d6                Font12_Table
 .rodata.Font16_Table
                0x08012d4a      0xbe0 library.a(stm32f429i_discovery_lcd.o)
                0x08012d4a                Font16_Table
 .rodata.Font20_Table
                0x0801392a      0xed8 library.a(stm32f429i_discovery_lcd.o)
                0x0801392a                Font20_Table
 .rodata.Font24_Table
                0x08014802     0x1ab8 library.a(stm32f429i_discovery_lcd.o)
                0x08014802                Font24_Table
 .rodata.CSWTCH.4
                0x080162ba        0x7 library.a(stm32f4xx_hal_ltdc.o)
 .rodata.APBAHBPrescTable
                0x080162c1       0x10 library.a(stm32f4xx_hal_rcc.o)
                0x080162c1                APBAHBPrescTable
 .rodata.SVC_Label.str1.1
                0x080162d1        0xe library.a(svcHandler.o)
 .rodata.F32.str1.1
                0x080162df       0x20 library.a(svcHandler.o)
 .rodata.FlPtRegs.str1.1
                0x080162ff       0x1a library.a(svcHandler.o)
 .rodata._MemManageHandler.str1.1
                0x08016319       0x10 library.a(svcHandler.o)
 .rodata._BusFault_Handler.str1.1
                0x08016329        0xb library.a(svcHandler.o)
 .rodata._HardFault_Handler.str1.1
                0x08016334        0xc library.a(svcHandler.o)
 .rodata._UsageFault_Handler.str1.1
                0x08016340       0x76 library.a(svcHandler.o)
 .rodata.SVC_Exception.str1.1
                0x080163b6       0x15 library.a(svcHandler.o)
 .rodata.str1.1
                0x080163cb      0x11e library.a(svcHandler.o)
 *fill*         0x080164e9        0x3 
 .rodata._global_impure_ptr
                0x080164ec        0x4 y:/coen20/gcc/bin/../lib/gcc/arm-none-eabi/9.3.1/../../../../arm-none-eabi/lib/thumb/v7e-m+fp/hard\libc.a(lib_a-impure.o)
                0x080164ec                _global_impure_ptr
 .rodata.DAYS_IN_MONTH
                0x080164f0       0x30 y:/coen20/gcc/bin/../lib/gcc/arm-none-eabi/9.3.1/../../../../arm-none-eabi/lib/thumb/v7e-m+fp/hard\libc.a(lib_a-mktime.o)
 .rodata._DAYS_BEFORE_MONTH
                0x08016520       0x30 y:/coen20/gcc/bin/../lib/gcc/arm-none-eabi/9.3.1/../../../../arm-none-eabi/lib/thumb/v7e-m+fp/hard\libc.a(lib_a-mktime.o)
 .rodata._svfprintf_r.str1.4
                0x08016550       0x42 y:/coen20/gcc/bin/../lib/gcc/arm-none-eabi/9.3.1/../../../../arm-none-eabi/lib/thumb/v7e-m+fp/hard\libc.a(lib_a-svfprintf.o)
 *fill*         0x08016592        0x2 
 .rodata.blanks.8698
                0x08016594       0x10 y:/coen20/gcc/bin/../lib/gcc/arm-none-eabi/9.3.1/../../../../arm-none-eabi/lib/thumb/v7e-m+fp/hard\libc.a(lib_a-svfprintf.o)
 .rodata.zeroes.8699
                0x080165a4       0x10 y:/coen20/gcc/bin/../lib/gcc/arm-none-eabi/9.3.1/../../../../arm-none-eabi/lib/thumb/v7e-m+fp/hard\libc.a(lib_a-svfprintf.o)
 .rodata.__ssvfscanf_r.str1.4
                0x080165b4        0x5 y:/coen20/gcc/bin/../lib/gcc/arm-none-eabi/9.3.1/../../../../arm-none-eabi/lib/thumb/v7e-m+fp/hard\libc.a(lib_a-svfscanf.o)
                                  0x9 (size before relaxing)
 *fill*         0x080165b9        0x3 
 .rodata.basefix.8767
                0x080165bc       0x22 y:/coen20/gcc/bin/../lib/gcc/arm-none-eabi/9.3.1/../../../../arm-none-eabi/lib/thumb/v7e-m+fp/hard\libc.a(lib_a-svfscanf.o)
 *fill*         0x080165de        0x2 
 .rodata._tzset_unlocked_r.str1.4
                0x080165e0       0x53 y:/coen20/gcc/bin/../lib/gcc/arm-none-eabi/9.3.1/../../../../arm-none-eabi/lib/thumb/v7e-m+fp/hard\libc.a(lib_a-tzset_r.o)
 .rodata.str1.4
                0x08016633        0x4 y:/coen20/gcc/bin/../lib/gcc/arm-none-eabi/9.3.1/../../../../arm-none-eabi/lib/thumb/v7e-m+fp/hard\libc.a(lib_a-tzvars.o)
 *fill*         0x08016633        0x1 
 .rodata._ctype_
                0x08016634      0x101 y:/coen20/gcc/bin/../lib/gcc/arm-none-eabi/9.3.1/../../../../arm-none-eabi/lib/thumb/v7e-m+fp/hard\libc.a(lib_a-ctype_.o)
                0x08016634                _ctype_
 *fill*         0x08016735        0x3 
 .rodata._dtoa_r.str1.4
                0x08016738       0xa0 y:/coen20/gcc/bin/../lib/gcc/arm-none-eabi/9.3.1/../../../../arm-none-eabi/lib/thumb/v7e-m+fp/hard\libc.a(lib_a-dtoa.o)
                                 0xa4 (size before relaxing)
 .rodata._setlocale_r.str1.4
                0x080167d8        0xa y:/coen20/gcc/bin/../lib/gcc/arm-none-eabi/9.3.1/../../../../arm-none-eabi/lib/thumb/v7e-m+fp/hard\libc.a(lib_a-locale.o)
                                  0xd (size before relaxing)
 *fill*         0x080167e2        0x2 
 .rodata.str1.4
                0x080167e4        0x2 y:/coen20/gcc/bin/../lib/gcc/arm-none-eabi/9.3.1/../../../../arm-none-eabi/lib/thumb/v7e-m+fp/hard\libc.a(lib_a-locale.o)
 .rodata._mbrtowc_r.str1.4
                0x080167e6        0x1 y:/coen20/gcc/bin/../lib/gcc/arm-none-eabi/9.3.1/../../../../arm-none-eabi/lib/thumb/v7e-m+fp/hard\libc.a(lib_a-mbrtowc.o)
 *fill*         0x080167e6        0x2 
 .rodata.__month_lengths
                0x080167e8       0x60 y:/coen20/gcc/bin/../lib/gcc/arm-none-eabi/9.3.1/../../../../arm-none-eabi/lib/thumb/v7e-m+fp/hard\libc.a(lib_a-month_lengths.o)
                0x080167e8                __month_lengths
 .rodata.__multadd.str1.4
                0x08016848       0x7d y:/coen20/gcc/bin/../lib/gcc/arm-none-eabi/9.3.1/../../../../arm-none-eabi/lib/thumb/v7e-m+fp/hard\libc.a(lib_a-mprec.o)
                                 0x91 (size before relaxing)
 *fill*         0x080168c5        0x3 
 .rodata.__mprec_bigtens
                0x080168c8       0x28 y:/coen20/gcc/bin/../lib/gcc/arm-none-eabi/9.3.1/../../../../arm-none-eabi/lib/thumb/v7e-m+fp/hard\libc.a(lib_a-mprec.o)
                0x080168c8                __mprec_bigtens
 .rodata.__mprec_tens
                0x080168f0       0xc8 y:/coen20/gcc/bin/../lib/gcc/arm-none-eabi/9.3.1/../../../../arm-none-eabi/lib/thumb/v7e-m+fp/hard\libc.a(lib_a-mprec.o)
                0x080168f0                __mprec_tens
 .rodata.p05.7485
                0x080169b8        0xc y:/coen20/gcc/bin/../lib/gcc/arm-none-eabi/9.3.1/../../../../arm-none-eabi/lib/thumb/v7e-m+fp/hard\libc.a(lib_a-mprec.o)
 .rodata._strtod_l.str1.4
                0x080169c4        0xf y:/coen20/gcc/bin/../lib/gcc/arm-none-eabi/9.3.1/../../../../arm-none-eabi/lib/thumb/v7e-m+fp/hard\libc.a(lib_a-strtod.o)
                                 0x11 (size before relaxing)
 *fill*         0x080169d3        0x1 
 .rodata.fpi.7559
                0x080169d4       0x14 y:/coen20/gcc/bin/../lib/gcc/arm-none-eabi/9.3.1/../../../../arm-none-eabi/lib/thumb/v7e-m+fp/hard\libc.a(lib_a-strtod.o)
 .rodata.fpinan.7595
                0x080169e8       0x14 y:/coen20/gcc/bin/../lib/gcc/arm-none-eabi/9.3.1/../../../../arm-none-eabi/lib/thumb/v7e-m+fp/hard\libc.a(lib_a-strtod.o)
 *fill*         0x080169fc        0x4 
 .rodata.tinytens
                0x08016a00       0x28 y:/coen20/gcc/bin/../lib/gcc/arm-none-eabi/9.3.1/../../../../arm-none-eabi/lib/thumb/v7e-m+fp/hard\libc.a(lib_a-strtod.o)
 .rodata.basefix.8280
                0x08016a28       0x22 y:/coen20/gcc/bin/../lib/gcc/arm-none-eabi/9.3.1/../../../../arm-none-eabi/lib/thumb/v7e-m+fp/hard\libc.a(lib_a-svfiscanf.o)
 .rodata._vfiprintf_r.str1.4
                0x08016a4a       0x2f y:/coen20/gcc/bin/../lib/gcc/arm-none-eabi/9.3.1/../../../../arm-none-eabi/lib/thumb/v7e-m+fp/hard\libc.a(lib_a-vfiprintf.o)
 *fill*         0x08016a4a        0x2 
 .rodata.blanks.8691
                0x08016a4c       0x10 y:/coen20/gcc/bin/../lib/gcc/arm-none-eabi/9.3.1/../../../../arm-none-eabi/lib/thumb/v7e-m+fp/hard\libc.a(lib_a-vfiprintf.o)
 .rodata.zeroes.8692
                0x08016a5c       0x10 y:/coen20/gcc/bin/../lib/gcc/arm-none-eabi/9.3.1/../../../../arm-none-eabi/lib/thumb/v7e-m+fp/hard\libc.a(lib_a-vfiprintf.o)
 .rodata.__assert_func.str1.4
                0x08016a6c       0x3f y:/coen20/gcc/bin/../lib/gcc/arm-none-eabi/9.3.1/../../../../arm-none-eabi/lib/thumb/v7e-m+fp/hard\libc.a(lib_a-assert.o)
                                 0x43 (size before relaxing)
 *fill*         0x08016aab        0x1 
 .rodata.__gethex.str1.4
                0x08016aac       0x84 y:/coen20/gcc/bin/../lib/gcc/arm-none-eabi/9.3.1/../../../../arm-none-eabi/lib/thumb/v7e-m+fp/hard\libc.a(lib_a-gdtoa-gethex.o)
                                 0x98 (size before relaxing)
 .rodata.__hexdig
                0x08016b30      0x100 y:/coen20/gcc/bin/../lib/gcc/arm-none-eabi/9.3.1/../../../../arm-none-eabi/lib/thumb/v7e-m+fp/hard\libc.a(lib_a-gdtoa-gethex.o)
                0x08016b30                __hexdig
 .rodata.str1.4
                0x08016c30        0x5 y:/coen20/gcc/bin/../lib/gcc/arm-none-eabi/9.3.1/../../../../arm-none-eabi/lib/thumb/v7e-m+fp/hard\libc.a(lib_a-lnumeric.o)
 .rodata._C_numeric_locale
                0x08016c30        0xc y:/coen20/gcc/bin/../lib/gcc/arm-none-eabi/9.3.1/../../../../arm-none-eabi/lib/thumb/v7e-m+fp/hard\libc.a(lib_a-lnumeric.o)
                0x08016c30                _C_numeric_locale
 *(.eh_frame*)
 .eh_frame      0x08016c3c        0x0 y:/coen20/gcc/bin/../lib/gcc/arm-none-eabi/9.3.1/thumb/v7e-m+fp/hard/crtbegin.o
 .eh_frame      0x08016c3c        0x4 y:/coen20/gcc/bin/../lib/gcc/arm-none-eabi/9.3.1/thumb/v7e-m+fp/hard/crtend.o

.glue_7         0x08016c40        0x0
 .glue_7        0x08016c40        0x0 linker stubs

.glue_7t        0x08016c40        0x0
 .glue_7t       0x08016c40        0x0 linker stubs

.vfp11_veneer   0x08016c40        0x0
 .vfp11_veneer  0x08016c40        0x0 linker stubs

.v4_bx          0x08016c40        0x0
 .v4_bx         0x08016c40        0x0 linker stubs

.iplt           0x08016c40        0x0
 .iplt          0x08016c40        0x0 y:/coen20/gcc/bin/../lib/gcc/arm-none-eabi/9.3.1/thumb/v7e-m+fp/hard/crtbegin.o

.ARM.extab
 *(.ARM.extab* .gnu.linkonce.armextab.*)
                0x08016c40                __exidx_start = .

.ARM.exidx      0x08016c40        0x8
 *(.ARM.exidx* .gnu.linkonce.armexidx.*)
 .ARM.exidx     0x08016c40        0x8 y:/coen20/gcc/bin/../lib/gcc/arm-none-eabi/9.3.1/../../../../arm-none-eabi/lib/thumb/v7e-m+fp/hard/crt0.o
                                 0x10 (size before relaxing)
 .ARM.exidx     0x08016c48        0x0 y:/coen20/gcc/bin/../lib/gcc/arm-none-eabi/9.3.1/thumb/v7e-m+fp/hard\libgcc.a(_udivmoddi4.o)
                                  0x8 (size before relaxing)
                0x08016c48                __exidx_end = .
                0x08016c48                __etext = .

.rel.dyn        0x08016c48        0x0
 .rel.iplt      0x08016c48        0x0 y:/coen20/gcc/bin/../lib/gcc/arm-none-eabi/9.3.1/thumb/v7e-m+fp/hard/crtbegin.o

.data           0x20000000      0xce8 load address 0x08016c48
                0x20000000                __data_start__ = .
 *(vtable)
 *(.data*)
 .data.adjusts  0x20000000       0x60 obj/Lab8A-Main-c.o
 .data.days.6589
                0x20000060       0x30 obj/Lab8A-Main-c.o
 .data.functions
                0x20000090        0xc obj/Lab8A-Main-c.o
 .data.functname
                0x2000009c        0xc obj/Lab8A-Main-c.o
 .data.initial.6537
                0x200000a8        0x1 obj/Lab8A-Main-c.o
 *fill*         0x200000a9        0x3 
 .data.label    0x200000ac        0xc obj/Lab8A-Main-c.o
 .data.message.6570
                0x200000b8       0x2c obj/Lab8A-Main-c.o
 .data.months   0x200000e4       0x30 obj/Lab8A-Main-c.o
 .data.weekday  0x20000114       0x1c obj/Lab8A-Main-c.o
 .data.BUTTON_PORT
                0x20000130        0x4 library.a(stm32f429i_discovery.o)
                0x20000130                BUTTON_PORT
 .data.I2cxTimeout
                0x20000134        0x4 library.a(stm32f429i_discovery.o)
                0x20000134                I2cxTimeout
 .data.SpixTimeout
                0x20000138        0x4 library.a(stm32f429i_discovery.o)
                0x20000138                SpixTimeout
 .data.Font12   0x2000013c        0x8 library.a(stm32f429i_discovery_lcd.o)
                0x2000013c                Font12
 .data.Font16   0x20000144        0x8 library.a(stm32f429i_discovery_lcd.o)
                0x20000144                Font16
 .data.Font20   0x2000014c        0x8 library.a(stm32f429i_discovery_lcd.o)
                0x2000014c                Font20
 .data.Font24   0x20000154        0x8 library.a(stm32f429i_discovery_lcd.o)
                0x20000154                Font24
 .data.context.0
                0x2000015c       0x20 library.a(svcHandler.o)
 .data.context.1
                0x2000017c       0x20 library.a(svcHandler.o)
 .data.context.3
                0x2000019c       0x20 library.a(svcHandler.o)
 .data.context.6
                0x200001bc       0x20 library.a(svcHandler.o)
 .data.lines.2  0x200001dc       0x30 library.a(svcHandler.o)
 .data.lines.5  0x2000020c       0x40 library.a(svcHandler.o)
 .data.SystemCoreClock
                0x2000024c        0x4 library.a(system_stm32f4xx.o)
                0x2000024c                SystemCoreClock
 .data.x        0x20000250        0x4 library.a(touch.o)
 .data.y        0x20000254        0x4 library.a(touch.o)
 .data.ili9341_drv
                0x20000258       0x38 library.a(ili9341.o)
                0x20000258                ili9341_drv
 .data.stmpe811_ts_drv
                0x20000290       0x28 library.a(stmpe811.o)
                0x20000290                stmpe811_ts_drv
 .data._impure_ptr
                0x200002b8        0x4 y:/coen20/gcc/bin/../lib/gcc/arm-none-eabi/9.3.1/../../../../arm-none-eabi/lib/thumb/v7e-m+fp/hard\libc.a(lib_a-impure.o)
                0x200002b8                _impure_ptr
 *fill*         0x200002bc        0x4 
 .data.impure_data
                0x200002c0      0x428 y:/coen20/gcc/bin/../lib/gcc/arm-none-eabi/9.3.1/../../../../arm-none-eabi/lib/thumb/v7e-m+fp/hard\libc.a(lib_a-impure.o)
 .data._tzname  0x200006e8        0x8 y:/coen20/gcc/bin/../lib/gcc/arm-none-eabi/9.3.1/../../../../arm-none-eabi/lib/thumb/v7e-m+fp/hard\libc.a(lib_a-tzvars.o)
                0x200006e8                _tzname
 .data.__atexit_recursive_mutex
                0x200006f0        0x4 y:/coen20/gcc/bin/../lib/gcc/arm-none-eabi/9.3.1/../../../../arm-none-eabi/lib/thumb/v7e-m+fp/hard\libc.a(lib_a-__call_atexit.o)
                0x200006f0                __atexit_recursive_mutex
 *fill*         0x200006f4        0x4 
 .data.tzinfo   0x200006f8       0x58 y:/coen20/gcc/bin/../lib/gcc/arm-none-eabi/9.3.1/../../../../arm-none-eabi/lib/thumb/v7e-m+fp/hard\libc.a(lib_a-gettzinfo.o)
 .data.__global_locale
                0x20000750      0x16c y:/coen20/gcc/bin/../lib/gcc/arm-none-eabi/9.3.1/../../../../arm-none-eabi/lib/thumb/v7e-m+fp/hard\libc.a(lib_a-locale.o)
                0x20000750                __global_locale
 .data.__malloc_av_
                0x200008bc      0x408 y:/coen20/gcc/bin/../lib/gcc/arm-none-eabi/9.3.1/../../../../arm-none-eabi/lib/thumb/v7e-m+fp/hard\libc.a(lib_a-mallocr.o)
                0x200008bc                __malloc_av_
 .data.__malloc_sbrk_base
                0x20000cc4        0x4 y:/coen20/gcc/bin/../lib/gcc/arm-none-eabi/9.3.1/../../../../arm-none-eabi/lib/thumb/v7e-m+fp/hard\libc.a(lib_a-mallocr.o)
                0x20000cc4                __malloc_sbrk_base
 .data.__malloc_trim_threshold
                0x20000cc8        0x4 y:/coen20/gcc/bin/../lib/gcc/arm-none-eabi/9.3.1/../../../../arm-none-eabi/lib/thumb/v7e-m+fp/hard\libc.a(lib_a-mallocr.o)
                0x20000cc8                __malloc_trim_threshold
 .data.environ  0x20000ccc        0x4 y:/coen20/gcc/bin/../lib/gcc/arm-none-eabi/9.3.1/../../../../arm-none-eabi/lib/thumb/v7e-m+fp/hard\libc.a(lib_a-environ.o)
                0x20000ccc                environ
 .data.numempty
                0x20000cd0        0x2 y:/coen20/gcc/bin/../lib/gcc/arm-none-eabi/9.3.1/../../../../arm-none-eabi/lib/thumb/v7e-m+fp/hard\libc.a(lib_a-lnumeric.o)
                0x20000cd4                . = ALIGN (0x4)
 *fill*         0x20000cd2        0x2 
                0x20000cd4                PROVIDE (__preinit_array_start = .)
 *(.preinit_array)
                0x20000cd4                PROVIDE (__preinit_array_end = .)
                0x20000cd4                . = ALIGN (0x4)
                0x20000cd4                PROVIDE (__init_array_start = .)
 *(SORT_BY_NAME(.init_array.*))
 .init_array.00000
                0x20000cd4        0x4 y:/coen20/gcc/bin/../lib/gcc/arm-none-eabi/9.3.1/../../../../arm-none-eabi/lib/thumb/v7e-m+fp/hard\libc.a(lib_a-__call_atexit.o)
 *(.init_array)
 .init_array    0x20000cd8        0x4 y:/coen20/gcc/bin/../lib/gcc/arm-none-eabi/9.3.1/thumb/v7e-m+fp/hard/crtbegin.o
                0x20000cdc                PROVIDE (__init_array_end = .)
                0x20000ce0                . = ALIGN (0x8)
 *fill*         0x20000cdc        0x4 
                0x20000ce0                PROVIDE (__fini_array_start = .)
 *(SORT_BY_NAME(.fini_array.*))
 *(.fini_array)
 .fini_array    0x20000ce0        0x4 y:/coen20/gcc/bin/../lib/gcc/arm-none-eabi/9.3.1/thumb/v7e-m+fp/hard/crtbegin.o
                0x20000ce4                PROVIDE (__fini_array_end = .)
                0x20000ce8                . = ALIGN (0x8)
 *fill*         0x20000ce4        0x4 
                0x20000ce8                __data_end__ = .

.igot.plt       0x20000ce8        0x0 load address 0x08017930
 .igot.plt      0x20000ce8        0x0 y:/coen20/gcc/bin/../lib/gcc/arm-none-eabi/9.3.1/thumb/v7e-m+fp/hard/crtbegin.o

.bss            0x20000ce8    0x1cbec load address 0x08017930
                0x20000ce8                __bss_start__ = .
 *(.bss*)
 .bss           0x20000ce8       0x1c y:/coen20/gcc/bin/../lib/gcc/arm-none-eabi/9.3.1/thumb/v7e-m+fp/hard/crtbegin.o
 .bss.__fixts__
                0x20000d04        0x4 obj/Lab8A-Main-c.o
                0x20000d04                __fixts__
 .bss.adjust    0x20000d08        0xc obj/Lab8A-Main-c.o
 .bss.text.6616
                0x20000d14        0xa obj/Lab8A-Main-c.o
 .bss.buffer    0x20000d1e      0x620 library.a(initialize.o)
 *fill*         0x2000133e        0x2 
 .bss.txtCol    0x20001340        0x4 library.a(initialize.o)
 .bss.txtRow    0x20001344        0x4 library.a(initialize.o)
 .bss.I2cHandle
                0x20001348       0x3c library.a(stm32f429i_discovery.o)
                0x20001348                I2cHandle
 .bss.Is_LCD_IO_Initialized
                0x20001384        0x1 library.a(stm32f429i_discovery.o)
 *fill*         0x20001385        0x3 
 .bss.SpiHandle
                0x20001388       0x58 library.a(stm32f429i_discovery.o)
 .bss.ActiveLayer
                0x200013e0        0x4 library.a(stm32f429i_discovery_lcd.o)
 .bss.Dma2dHandler
                0x200013e4       0x40 library.a(stm32f429i_discovery_lcd.o)
 .bss.DrawProp  0x20001424       0x18 library.a(stm32f429i_discovery_lcd.o)
 .bss.LcdDrv    0x2000143c        0x4 library.a(stm32f429i_discovery_lcd.o)
                0x2000143c                LcdDrv
 .bss.LtdcHandler
                0x20001440       0xa8 library.a(stm32f429i_discovery_lcd.o)
 .bss.PeriphClkInitStruct
                0x200014e8       0x30 library.a(stm32f429i_discovery_lcd.o)
 .bss.Command   0x20001518       0x10 library.a(stm32f429i_discovery_sdram.o)
 .bss.SdramHandle
                0x20001528       0x34 library.a(stm32f429i_discovery_sdram.o)
 .bss.Timing    0x2000155c       0x1c library.a(stm32f429i_discovery_sdram.o)
 .bss.dmaHandle.0
                0x20001578       0x50 library.a(stm32f429i_discovery_sdram.o)
 .bss.uwTick    0x200015c8        0x4 library.a(stm32f4xx_hal.o)
 .bss.rgb       0x200015cc    0x1c200 library.a(svcHandler.o)
                0x200015cc                rgb
 .bss.text.4    0x2001d7cc       0x64 library.a(svcHandler.o)
 .bss.TsDrv     0x2001d830        0x4 library.a(stm32f429i_discovery_ts.o)
 .bss.TsXBoundary
                0x2001d834        0x2 library.a(stm32f429i_discovery_ts.o)
 .bss.TsYBoundary
                0x2001d836        0x2 library.a(stm32f429i_discovery_ts.o)
 .bss._x.1      0x2001d838        0x4 library.a(stm32f429i_discovery_ts.o)
 .bss._y.0      0x2001d83c        0x4 library.a(stm32f429i_discovery_ts.o)
 .bss.checked.3
                0x2001d840        0x4 library.a(stm32f429i_discovery_ts.o)
 .bss.reversed.2
                0x2001d844        0x4 library.a(stm32f429i_discovery_ts.o)
 .bss.stmpe811  0x2001d848        0x2 library.a(stmpe811.o)
                0x2001d848                stmpe811
 *fill*         0x2001d84a        0x2 
 .bss.__tzname_dst
                0x2001d84c        0xb y:/coen20/gcc/bin/../lib/gcc/arm-none-eabi/9.3.1/../../../../arm-none-eabi/lib/thumb/v7e-m+fp/hard\libc.a(lib_a-tzset_r.o)
 *fill*         0x2001d857        0x1 
 .bss.__tzname_std
                0x2001d858        0xb y:/coen20/gcc/bin/../lib/gcc/arm-none-eabi/9.3.1/../../../../arm-none-eabi/lib/thumb/v7e-m+fp/hard\libc.a(lib_a-tzset_r.o)
 *fill*         0x2001d863        0x1 
 .bss.prev_tzenv
                0x2001d864        0x4 y:/coen20/gcc/bin/../lib/gcc/arm-none-eabi/9.3.1/../../../../arm-none-eabi/lib/thumb/v7e-m+fp/hard\libc.a(lib_a-tzset_r.o)
 .bss._daylight
                0x2001d868        0x4 y:/coen20/gcc/bin/../lib/gcc/arm-none-eabi/9.3.1/../../../../arm-none-eabi/lib/thumb/v7e-m+fp/hard\libc.a(lib_a-tzvars.o)
                0x2001d868                _daylight
 .bss._timezone
                0x2001d86c        0x4 y:/coen20/gcc/bin/../lib/gcc/arm-none-eabi/9.3.1/../../../../arm-none-eabi/lib/thumb/v7e-m+fp/hard\libc.a(lib_a-tzvars.o)
                0x2001d86c                _timezone
 .bss.__malloc_current_mallinfo
                0x2001d870       0x28 y:/coen20/gcc/bin/../lib/gcc/arm-none-eabi/9.3.1/../../../../arm-none-eabi/lib/thumb/v7e-m+fp/hard\libc.a(lib_a-mallocr.o)
                0x2001d870                __malloc_current_mallinfo
 .bss.__malloc_max_sbrked_mem
                0x2001d898        0x4 y:/coen20/gcc/bin/../lib/gcc/arm-none-eabi/9.3.1/../../../../arm-none-eabi/lib/thumb/v7e-m+fp/hard\libc.a(lib_a-mallocr.o)
                0x2001d898                __malloc_max_sbrked_mem
 .bss.__malloc_max_total_mem
                0x2001d89c        0x4 y:/coen20/gcc/bin/../lib/gcc/arm-none-eabi/9.3.1/../../../../arm-none-eabi/lib/thumb/v7e-m+fp/hard\libc.a(lib_a-mallocr.o)
                0x2001d89c                __malloc_max_total_mem
 .bss.__malloc_top_pad
                0x2001d8a0        0x4 y:/coen20/gcc/bin/../lib/gcc/arm-none-eabi/9.3.1/../../../../arm-none-eabi/lib/thumb/v7e-m+fp/hard\libc.a(lib_a-mallocr.o)
                0x2001d8a0                __malloc_top_pad
 .bss.initial_env
                0x2001d8a4        0x4 y:/coen20/gcc/bin/../lib/gcc/arm-none-eabi/9.3.1/../../../../arm-none-eabi/lib/thumb/v7e-m+fp/hard\libc.a(lib_a-environ.o)
 .bss.heap_end.5507
                0x2001d8a8        0x4 y:/coen20/gcc/bin/../lib/gcc/arm-none-eabi/9.3.1/../../../../arm-none-eabi/lib/thumb/v7e-m+fp/hard\libnosys.a(sbrk.o)
 *(COMMON)